{
  "scenario": "Shared Lane, N=3, CONFIG_01, repeat 5",
  "bag_path": "/home/eiu/rmf_ws/src/benchmark/task_planning/sharedlane_FLEET0N_TRAF02_CONFIG01/run_20260919_0431_N3/repeat_5/bag",
  "robots": [
    "tb3_robot1",
    "tb3_robot2",
    "tb3_robot3"
  ],
  "n_tasks": 3,
  "n_makespan_unresolved": 0,
  "makespan_resolution_rate_pct": 100.0,
  "per_task": [
    {
      "task_id": "patrol.dispatch-54f7cf8815",
      "t_bid_notice": 1789799213.598672,
      "t_bid_response": 1789799213.6009934,
      "planning_latency_s": 0.002321481704711914,
      "dispatch_id": 0,
      "dispatch_success": true,
      "t_award": 1789799273.5987003,
      "t_submit": 1789799212.605508,
      "places": [
        "sharedlane_1",
        "sharedlane_3"
      ],
      "route_start_xy": [
        15.876887899528725,
        -6.654655716283346
      ],
      "robot": "tb3_robot2",
      "reassigned": false,
      "t_arrival_at_route_start": 1789799289.87538,
      "t_end_physical": 1789799326.2754023,
      "makespan_s": 36.40002226829529,
      "makespan_incl_transit_s": 113.66989421844482,
      "queueing_s": 60.993192195892334,
      "execution_s": 36.40002226829529
    },
    {
      "task_id": "patrol.dispatch-b296147f35",
      "t_bid_notice": 1789799273.7986538,
      "t_bid_response": 1789799273.8009958,
      "planning_latency_s": 0.0023419857025146484,
      "dispatch_id": 1,
      "dispatch_success": true,
      "t_award": 1789799333.7986422,
      "t_submit": 1789799212.6055613,
      "places": [
        "sharedlane_3",
        "sharedlane_1"
      ],
      "route_start_xy": [
        25.383560253137134,
        -6.655601361644133
      ],
      "robot": "tb3_robot2",
      "reassigned": false,
      "t_arrival_at_route_start": 1789799333.8753,
      "t_end_physical": 1789799371.6754012,
      "makespan_s": 37.8001012802124,
      "makespan_incl_transit_s": 159.06983995437622,
      "queueing_s": 121.19308090209961,
      "execution_s": 37.8001012802124
    },
    {
      "task_id": "patrol.dispatch-c707127034",
      "t_bid_notice": 1789799333.9986439,
      "t_bid_response": 1789799333.9999964,
      "planning_latency_s": 0.001352548599243164,
      "dispatch_id": 2,
      "dispatch_success": true,
      "t_award": 1789799393.9986718,
      "t_submit": 1789799212.605584,
      "places": [
        "charger_1",
        "sharedlane_2"
      ],
      "route_start_xy": [
        5.368279400762283,
        -6.6542575498156475
      ],
      "robot": "tb3_robot1",
      "reassigned": false,
      "t_arrival_at_route_start": 1789799394.0753667,
      "t_end_physical": 1789799465.0751626,
      "makespan_s": 70.99979591369629,
      "makespan_incl_transit_s": 252.46957874298096,
      "queueing_s": 181.39308786392212,
      "execution_s": 70.99979591369629
    }
  ],
  "per_robot": {
    "tb3_robot1": {
      "n_tasks": 1,
      "makespan_s": {
        "n": 1,
        "mean": 70.99979591369629,
        "stdev": 0.0,
        "min": 70.99979591369629,
        "max": 70.99979591369629
      }
    },
    "tb3_robot2": {
      "n_tasks": 2,
      "makespan_s": {
        "n": 2,
        "mean": 37.100061774253845,
        "stdev": 0.9900053635235526,
        "min": 36.40002226829529,
        "max": 37.8001012802124
      }
    },
    "tb3_robot3": {
      "n_tasks": 0,
      "makespan_s": null
    }
  },
  "1a_task_dispatch_success_rate_pct": 100.0,
  "1b_planning_latency_s": {
    "n": 3,
    "mean": 0.002005338668823242,
    "stdev": 0.0005654257331323417,
    "min": 0.001352548599243164,
    "max": 0.0023419857025146484
  },
  "1c_makespan_s": {
    "n": 3,
    "mean": 48.39997315406799,
    "stdev": 19.584535911909235,
    "min": 36.40002226829529,
    "max": 70.99979591369629
  },
  "1c_makespan_incl_transit_s": {
    "n": 3,
    "mean": 175.069770971934,
    "stdev": 70.76960117488754,
    "min": 113.66989421844482,
    "max": 252.46957874298096
  },
  "1c_queueing_s": {
    "n": 3,
    "mean": 121.19312032063802,
    "stdev": 60.19994783402457,
    "min": 60.993192195892334,
    "max": 181.39308786392212
  },
  "1c_execution_s": {
    "n": 3,
    "mean": 48.39997315406799,
    "stdev": 19.584535911909235,
    "min": 36.40002226829529,
    "max": 70.99979591369629
  },
  "negotiation_message_counts": {
    "/rmf_traffic/negotiation_notice": 0,
    "/rmf_traffic/negotiation_proposal": 0,
    "/rmf_traffic/negotiation_conclusion": 0,
    "/rmf_traffic/negotiation_rejection": 0,
    "/rmf_traffic/negotiation_forfeit": 0
  },
  "blockade_message_counts": {
    "/rmf_traffic/blockade_set": 0,
    "/rmf_traffic/blockade_ready": 0,
    "/rmf_traffic/blockade_reached": 0,
    "/rmf_traffic/blockade_release": 0
  }
}
