{
  "scenario": "Shared Lane, N=3, CONFIG_01, repeat 3",
  "bag_path": "/home/eiu/rmf_ws/src/benchmark/task_planning/sharedlane_FLEET0N_TRAF02_CONFIG01/run_20260919_0431_N3/repeat_3/bag",
  "robots": [
    "tb3_robot1",
    "tb3_robot2",
    "tb3_robot3"
  ],
  "n_tasks": 3,
  "n_makespan_unresolved": 0,
  "makespan_resolution_rate_pct": 100.0,
  "per_task": [
    {
      "task_id": "patrol.dispatch-7db583b646",
      "t_bid_notice": 1789796658.6642032,
      "t_bid_response": 1789796658.6677165,
      "planning_latency_s": 0.003513336181640625,
      "dispatch_id": 0,
      "dispatch_success": true,
      "t_award": 1789796718.6641123,
      "t_submit": 1789796658.5567489,
      "places": [
        "sharedlane_1",
        "sharedlane_3"
      ],
      "route_start_xy": [
        15.876887899528725,
        -6.654655716283346
      ],
      "robot": "tb3_robot2",
      "reassigned": false,
      "t_arrival_at_route_start": 1789796734.3371372,
      "t_end_physical": 1789796772.6370938,
      "makespan_s": 38.29995656013489,
      "makespan_incl_transit_s": 114.08034491539001,
      "queueing_s": 60.10736346244812,
      "execution_s": 38.29995656013489
    },
    {
      "task_id": "patrol.dispatch-be99c2c86c",
      "t_bid_notice": 1789796718.864102,
      "t_bid_response": 1789796718.867459,
      "planning_latency_s": 0.0033571720123291016,
      "dispatch_id": 1,
      "dispatch_success": true,
      "t_award": 1789796778.8641615,
      "t_submit": 1789796658.5568051,
      "places": [
        "sharedlane_3",
        "sharedlane_1"
      ],
      "route_start_xy": [
        25.383560253137134,
        -6.655601361644133
      ],
      "robot": "tb3_robot2",
      "reassigned": false,
      "t_arrival_at_route_start": 1789796778.9371305,
      "t_end_physical": 1789796816.2370613,
      "makespan_s": 37.299930810928345,
      "makespan_incl_transit_s": 157.68025612831116,
      "queueing_s": 120.30735635757446,
      "execution_s": 37.299930810928345
    },
    {
      "task_id": "patrol.dispatch-ff16089fc5",
      "t_bid_notice": 1789796779.064097,
      "t_bid_response": 1789796779.0654614,
      "planning_latency_s": 0.0013644695281982422,
      "dispatch_id": 2,
      "dispatch_success": true,
      "t_award": 1789796839.064112,
      "t_submit": 1789796658.5568159,
      "places": [
        "charger_1",
        "sharedlane_2"
      ],
      "route_start_xy": [
        5.368279400762283,
        -6.6542575498156475
      ],
      "robot": "tb3_robot1",
      "reassigned": false,
      "t_arrival_at_route_start": 1789796839.1370826,
      "t_end_physical": 1789796909.937102,
      "makespan_s": 70.80001950263977,
      "makespan_incl_transit_s": 251.38028621673584,
      "queueing_s": 180.50729608535767,
      "execution_s": 70.80001950263977
    }
  ],
  "per_robot": {
    "tb3_robot1": {
      "n_tasks": 1,
      "makespan_s": {
        "n": 1,
        "mean": 70.80001950263977,
        "stdev": 0.0,
        "min": 70.80001950263977,
        "max": 70.80001950263977
      }
    },
    "tb3_robot2": {
      "n_tasks": 2,
      "makespan_s": {
        "n": 2,
        "mean": 37.799943685531616,
        "stdev": 0.7071249886251042,
        "min": 37.299930810928345,
        "max": 38.29995656013489
      }
    },
    "tb3_robot3": {
      "n_tasks": 0,
      "makespan_s": null
    }
  },
  "1a_task_dispatch_success_rate_pct": 100.0,
  "1b_planning_latency_s": {
    "n": 3,
    "mean": 0.0027449925740559897,
    "stdev": 0.001198115070455444,
    "min": 0.0013644695281982422,
    "max": 0.003513336181640625
  },
  "1c_makespan_s": {
    "n": 3,
    "mean": 48.799968957901,
    "stdev": 19.059162648266174,
    "min": 37.299930810928345,
    "max": 70.80001950263977
  },
  "1c_makespan_incl_transit_s": {
    "n": 3,
    "mean": 174.380295753479,
    "stdev": 70.15687395366105,
    "min": 114.08034491539001,
    "max": 251.38028621673584
  },
  "1c_queueing_s": {
    "n": 3,
    "mean": 120.30733863512675,
    "stdev": 60.19996631145673,
    "min": 60.10736346244812,
    "max": 180.50729608535767
  },
  "1c_execution_s": {
    "n": 3,
    "mean": 48.799968957901,
    "stdev": 19.059162648266174,
    "min": 37.299930810928345,
    "max": 70.80001950263977
  },
  "negotiation_message_counts": {
    "/rmf_traffic/negotiation_notice": 0,
    "/rmf_traffic/negotiation_proposal": 0,
    "/rmf_traffic/negotiation_conclusion": 0,
    "/rmf_traffic/negotiation_rejection": 0,
    "/rmf_traffic/negotiation_forfeit": 0
  },
  "blockade_message_counts": {
    "/rmf_traffic/blockade_set": 0,
    "/rmf_traffic/blockade_ready": 0,
    "/rmf_traffic/blockade_reached": 0,
    "/rmf_traffic/blockade_release": 0
  }
}
