[WARN] [ros2bag]: Positional "topics" argument deprecated. Please use optional "--topics" argument instead.
stdin is not a terminal device. Keyboard handling disabled.[INFO] [1787302031.525010070] [rosbag2_recorder]: Press SPACE for pausing/resuming
[INFO] [1787302031.525236072] [rosbag2_recorder]: Event publisher thread: Started
[INFO] [1787302031.527719694] [rosbag2_recorder]: Starting recording to '/home/eiu/rmf_ws/benchmark/task_planning/bottleneck_FLEET0N_TRAF03_CONFIG01/run_20260821_0847_N3/bag'
[INFO] [1787302031.531438951] [rosbag2_recorder]: Listening for topics...
[INFO] [1787302031.531495495] [rosbag2_recorder]: Recording...
[INFO] [1787302031.545966949] [rosbag2_recorder]: Topics discovery started.
[INFO] [1787302031.596010184] [rosbag2_recorder]: Subscribed to topic '/fleet_states'
[INFO] [1787302031.604351227] [rosbag2_recorder]: Subscribed to topic '/rmf_traffic/blockade_ready'
[INFO] [1787302031.610878022] [rosbag2_recorder]: Subscribed to topic '/rmf_traffic/negotiation_notice'
[INFO] [1787302031.618733733] [rosbag2_recorder]: Subscribed to topic '/rmf_task/bid_response'
[INFO] [1787302031.620767087] [rosbag2_recorder]: Subscribed to topic '/rmf_traffic/blockade_release'
[INFO] [1787302031.623223721] [rosbag2_recorder]: Subscribed to topic '/rmf_task/dispatch_ack'
[INFO] [1787302031.627316574] [rosbag2_recorder]: Subscribed to topic '/rmf_traffic/blockade_reached'
[INFO] [1787302031.632972292] [rosbag2_recorder]: Subscribed to topic '/rmf_traffic/negotiation_proposal'
[INFO] [1787302031.635652662] [rosbag2_recorder]: Subscribed to topic '/rmf_traffic/blockade_set'
[INFO] [1787302031.639622658] [rosbag2_recorder]: Subscribed to topic '/rmf_traffic/negotiation_forfeit'
[INFO] [1787302031.649461103] [rosbag2_recorder]: Subscribed to topic '/rmf_traffic/negotiation_rejection'
[INFO] [1787302031.657784555] [rosbag2_recorder]: Subscribed to topic '/rmf_traffic/negotiation_conclusion'
[INFO] [1787302031.678322041] [rosbag2_recorder]: Subscribed to topic '/rmf_task/dispatch_request'
[INFO] [1787302031.688500737] [rosbag2_recorder]: Subscribed to topic '/rmf_task/bid_notice'
[INFO] [1787302044.546431244] [rosbag2_recorder]: Subscribed to topic '/task_api_requests'
[INFO] [1787302044.546524087] [rosbag2_recorder]: All requested topics are subscribed. Stopping discovery...
[INFO] [1787302044.546534184] [rosbag2_recorder]: Topics discovery stopped.
[INFO] [1787303594.740010487] [rosbag2_recorder]: Pausing recording.
[INFO] [1787303594.740077202] [rosbag2_cpp]: Writing remaining messages from cache to the bag. It may take a while
[INFO] [1787303594.745894015] [rosbag2_recorder]: Recording stopped
[INFO] [1787303594.774305809] [rosbag2_recorder]: Event publisher thread: Exited
