=== Repeat 1/5: submitting patrol task ===
Repeat 1: task_id=patrol.dispatch-7c2bb124f0
Repeat 1: outcome=completed dispatch_status=3 total_distance_m=15.91
=== Repeat 2/5: submitting patrol task ===
Repeat 2: task_id=patrol.dispatch-ecfbabf0de
Repeat 2: outcome=completed dispatch_status=3 total_distance_m=33.651
=== Repeat 3/5: submitting patrol task ===
Repeat 3: task_id=patrol.dispatch-dbeaef9056
Repeat 3: outcome=completed dispatch_status=3 total_distance_m=35.499
=== Repeat 4/5: submitting patrol task ===
Repeat 4: task_id=patrol.dispatch-30241c162d
Repeat 4: outcome=completed dispatch_status=3 total_distance_m=47.098
=== Repeat 5/5: submitting patrol task ===
Repeat 5: task_id=patrol.dispatch-09fa7a6319
Repeat 5: outcome=completed dispatch_status=3 total_distance_m=36.284
=== DONE ===
[
  {
    "repeat": 1,
    "request_id": "bench_patrol_1_c707e5c7-a52a-451a-87e3-6065fadb83e4",
    "submit_wall_time": 1788674962.7589586,
    "response": {
      "state": {
        "booking": {
          "id": "patrol.dispatch-7c2bb124f0",
          "requester": "benchmark_task_planning",
          "unix_millis_earliest_start_time": 0,
          "unix_millis_request_time": 1788674962759
        },
        "category": "patrol",
        "detail": {
          "places": [
            "charger_1",
            "sharedlane_2"
          ],
          "rounds": 1
        },
        "dispatch": {
          "errors": [],
          "status": "queued"
        },
        "status": "queued",
        "unix_millis_start_time": 0
      },
      "success": true
    },
    "task_id": "patrol.dispatch-7c2bb124f0",
    "dispatch_status": 3,
    "completion_wall_time": 1788675044.5973825,
    "outcome": "completed",
    "total_distance_m": 15.91,
    "task_released": true,
    "fixed_wait_exceeded": false
  },
  {
    "repeat": 2,
    "request_id": "bench_patrol_2_9f12b46f-3bb7-428a-9f67-65b7123284ca",
    "submit_wall_time": 1788675049.5976453,
    "response": {
      "state": {
        "booking": {
          "id": "patrol.dispatch-ecfbabf0de",
          "requester": "benchmark_task_planning",
          "unix_millis_earliest_start_time": 0,
          "unix_millis_request_time": 1788675049598
        },
        "category": "patrol",
        "detail": {
          "places": [
            "charger_1",
            "sharedlane_2"
          ],
          "rounds": 1
        },
        "dispatch": {
          "errors": [],
          "status": "queued"
        },
        "status": "queued",
        "unix_millis_start_time": 0
      },
      "success": true
    },
    "task_id": "patrol.dispatch-ecfbabf0de",
    "dispatch_status": 3,
    "completion_wall_time": 1788675177.5973334,
    "outcome": "completed",
    "total_distance_m": 33.651,
    "task_released": true,
    "fixed_wait_exceeded": false
  },
  {
    "repeat": 3,
    "request_id": "bench_patrol_3_5328b6c8-88c7-4a76-9173-5721f4d11503",
    "submit_wall_time": 1788675182.5975666,
    "response": {
      "state": {
        "booking": {
          "id": "patrol.dispatch-dbeaef9056",
          "requester": "benchmark_task_planning",
          "unix_millis_earliest_start_time": 0,
          "unix_millis_request_time": 1788675182598
        },
        "category": "patrol",
        "detail": {
          "places": [
            "charger_1",
            "sharedlane_2"
          ],
          "rounds": 1
        },
        "dispatch": {
          "errors": [],
          "status": "queued"
        },
        "status": "queued",
        "unix_millis_start_time": 0
      },
      "success": true
    },
    "task_id": "patrol.dispatch-dbeaef9056",
    "dispatch_status": 3,
    "completion_wall_time": 1788675312.1974046,
    "outcome": "completed",
    "total_distance_m": 35.499,
    "task_released": true,
    "fixed_wait_exceeded": false
  },
  {
    "repeat": 4,
    "request_id": "bench_patrol_4_0a6ab213-734f-4818-8ffb-653e0f73517f",
    "submit_wall_time": 1788675317.197654,
    "response": {
      "state": {
        "booking": {
          "id": "patrol.dispatch-30241c162d",
          "requester": "benchmark_task_planning",
          "unix_millis_earliest_start_time": 0,
          "unix_millis_request_time": 1788675317198
        },
        "category": "patrol",
        "detail": {
          "places": [
            "charger_1",
            "sharedlane_2"
          ],
          "rounds": 1
        },
        "dispatch": {
          "errors": [],
          "status": "queued"
        },
        "status": "queued",
        "unix_millis_start_time": 0
      },
      "success": true
    },
    "task_id": "patrol.dispatch-30241c162d",
    "dispatch_status": 3,
    "completion_wall_time": 1788675454.9973705,
    "outcome": "completed",
    "total_distance_m": 47.098,
    "task_released": true,
    "fixed_wait_exceeded": false
  },
  {
    "repeat": 5,
    "request_id": "bench_patrol_5_9bee3936-4d72-407f-97a4-98639a3e7b66",
    "submit_wall_time": 1788675459.997606,
    "response": {
      "state": {
        "booking": {
          "id": "patrol.dispatch-09fa7a6319",
          "requester": "benchmark_task_planning",
          "unix_millis_earliest_start_time": 0,
          "unix_millis_request_time": 1788675459998
        },
        "category": "patrol",
        "detail": {
          "places": [
            "charger_1",
            "sharedlane_2"
          ],
          "rounds": 1
        },
        "dispatch": {
          "errors": [],
          "status": "queued"
        },
        "status": "queued",
        "unix_millis_start_time": 0
      },
      "success": true
    },
    "task_id": "patrol.dispatch-09fa7a6319",
    "dispatch_status": 3,
    "completion_wall_time": 1788675589.4973097,
    "outcome": "completed",
    "total_distance_m": 36.284,
    "task_released": true,
    "fixed_wait_exceeded": false
  }
]
