{
  "scenario": "Crossing, N=3, CONFIG_01, repeat 5",
  "bag_path": "/home/eiu/rmf_ws/src/benchmark/task_planning/crossing_FLEET02_TRAF01_CONFIG01/run_20260919_0109_N3/repeat_5/bag",
  "robots": [
    "tb3_robot1",
    "tb3_robot2",
    "tb3_robot3"
  ],
  "n_tasks": 3,
  "n_makespan_unresolved": 0,
  "makespan_resolution_rate_pct": 100.0,
  "per_task": [
    {
      "task_id": "patrol.dispatch-f518940136",
      "t_bid_notice": 1789787781.6074016,
      "t_bid_response": 1789787781.6097882,
      "planning_latency_s": 0.0023865699768066406,
      "dispatch_id": 0,
      "dispatch_success": true,
      "t_award": 1789787841.6064553,
      "t_submit": 1789787781.6450534,
      "places": [
        "charger_1",
        "bottleneck_1"
      ],
      "route_start_xy": [
        5.368279400762283,
        -6.6542575498156475
      ],
      "robot": "tb3_robot1",
      "reassigned": false,
      "t_arrival_at_route_start": 1789787841.6747653,
      "t_end_physical": 1789787947.2745385,
      "makespan_s": 105.59977316856384,
      "makespan_incl_transit_s": 165.62948513031006,
      "queueing_s": 59.96140193939209,
      "execution_s": 105.59977316856384
    },
    {
      "task_id": "patrol.dispatch-bac67f955e",
      "t_bid_notice": 1789787841.8064322,
      "t_bid_response": 1789787841.8094063,
      "planning_latency_s": 0.0029740333557128906,
      "dispatch_id": 1,
      "dispatch_success": true,
      "t_award": 1789787904.8065515,
      "t_submit": 1789787781.645121,
      "places": [
        "crossing_1",
        "loop_4"
      ],
      "route_start_xy": [
        10.498355712223173,
        -6.565416656710134
      ],
      "robot": "tb3_robot2",
      "reassigned": false,
      "t_arrival_at_route_start": 1789787904.875255,
      "t_end_physical": 1789788085.4746463,
      "makespan_s": 180.59939122200012,
      "makespan_incl_transit_s": 303.82952523231506,
      "queueing_s": 123.16143035888672,
      "execution_s": 180.59939122200012
    },
    {
      "task_id": "patrol.dispatch-e686847c22",
      "t_bid_notice": 1789787905.007008,
      "t_bid_response": 1789787905.0124695,
      "planning_latency_s": 0.005461454391479492,
      "dispatch_id": 2,
      "dispatch_success": true,
      "t_award": 1789787965.0063834,
      "t_submit": 1789787781.64538,
      "places": [
        "crossing_2",
        "bottleneck_3"
      ],
      "route_start_xy": [
        10.453960151074646,
        -8.208848752140975
      ],
      "robot": "tb3_robot3",
      "reassigned": false,
      "t_arrival_at_route_start": 1789787965.0745308,
      "t_end_physical": 1789788086.7748954,
      "makespan_s": 121.70036458969116,
      "makespan_incl_transit_s": 305.1295154094696,
      "queueing_s": 183.36100339889526,
      "execution_s": 121.70036458969116
    }
  ],
  "per_robot": {
    "tb3_robot1": {
      "n_tasks": 1,
      "makespan_s": {
        "n": 1,
        "mean": 105.59977316856384,
        "stdev": 0.0,
        "min": 105.59977316856384,
        "max": 105.59977316856384
      }
    },
    "tb3_robot2": {
      "n_tasks": 1,
      "makespan_s": {
        "n": 1,
        "mean": 180.59939122200012,
        "stdev": 0.0,
        "min": 180.59939122200012,
        "max": 180.59939122200012
      }
    },
    "tb3_robot3": {
      "n_tasks": 1,
      "makespan_s": {
        "n": 1,
        "mean": 121.70036458969116,
        "stdev": 0.0,
        "min": 121.70036458969116,
        "max": 121.70036458969116
      }
    }
  },
  "1a_task_dispatch_success_rate_pct": 100.0,
  "1b_planning_latency_s": {
    "n": 3,
    "mean": 0.0036073525746663413,
    "stdev": 0.0016323444690754944,
    "min": 0.0023865699768066406,
    "max": 0.005461454391479492
  },
  "1c_makespan_s": {
    "n": 3,
    "mean": 135.96650966008505,
    "stdev": 39.48262717218136,
    "min": 105.59977316856384,
    "max": 180.59939122200012
  },
  "1c_makespan_incl_transit_s": {
    "n": 3,
    "mean": 258.1961752573649,
    "stdev": 80.16774029760238,
    "min": 165.62948513031006,
    "max": 305.1295154094696
  },
  "1c_queueing_s": {
    "n": 3,
    "mean": 122.16127856572469,
    "stdev": 61.705880090944966,
    "min": 59.96140193939209,
    "max": 183.36100339889526
  },
  "1c_execution_s": {
    "n": 3,
    "mean": 135.96650966008505,
    "stdev": 39.48262717218136,
    "min": 105.59977316856384,
    "max": 180.59939122200012
  },
  "negotiation_message_counts": {
    "/rmf_traffic/negotiation_notice": 3,
    "/rmf_traffic/negotiation_proposal": 9,
    "/rmf_traffic/negotiation_conclusion": 3,
    "/rmf_traffic/negotiation_rejection": 0,
    "/rmf_traffic/negotiation_forfeit": 0
  },
  "blockade_message_counts": {
    "/rmf_traffic/blockade_set": 0,
    "/rmf_traffic/blockade_ready": 0,
    "/rmf_traffic/blockade_reached": 0,
    "/rmf_traffic/blockade_release": 0
  }
}
