=== Repeat 1/5: submitting patrol task ===
Repeat 1: task_id=patrol.dispatch-73586e89cf
Repeat 1: outcome=completed dispatch_status=3 total_distance_m=22.125
=== Repeat 2/5: submitting patrol task ===
Repeat 2: task_id=patrol.dispatch-2b993d78b6
Repeat 2: outcome=completed dispatch_status=3 total_distance_m=45.877
=== Repeat 3/5: submitting patrol task ===
Repeat 3: task_id=patrol.dispatch-536e63ce13
Repeat 3: outcome=completed dispatch_status=3 total_distance_m=42.459
=== Repeat 4/5: submitting patrol task ===
Repeat 4: task_id=patrol.dispatch-2b43bde4f1
Repeat 4: outcome=completed dispatch_status=3 total_distance_m=45.955
=== Repeat 5/5: submitting patrol task ===
Repeat 5: task_id=patrol.dispatch-ad0f355be5
Repeat 5: outcome=completed dispatch_status=3 total_distance_m=45.221
=== DONE ===
[
  {
    "repeat": 1,
    "request_id": "bench_patrol_1_d6add783-bf5e-402b-8609-ed4423c02634",
    "submit_wall_time": 1788671828.3711867,
    "response": {
      "state": {
        "booking": {
          "id": "patrol.dispatch-73586e89cf",
          "requester": "benchmark_task_planning",
          "unix_millis_earliest_start_time": 0,
          "unix_millis_request_time": 1788671828371
        },
        "category": "patrol",
        "detail": {
          "places": [
            "crossing_2",
            "bottleneck_1"
          ],
          "rounds": 1
        },
        "dispatch": {
          "errors": [],
          "status": "queued"
        },
        "status": "queued",
        "unix_millis_start_time": 0
      },
      "success": true
    },
    "task_id": "patrol.dispatch-73586e89cf",
    "dispatch_status": 3,
    "completion_wall_time": 1788671924.1400325,
    "outcome": "completed",
    "total_distance_m": 22.125,
    "task_released": true,
    "fixed_wait_exceeded": false
  },
  {
    "repeat": 2,
    "request_id": "bench_patrol_2_2bed8bb1-b268-4f60-b3dc-ebbd560947d8",
    "submit_wall_time": 1788671929.1403186,
    "response": {
      "state": {
        "booking": {
          "id": "patrol.dispatch-2b993d78b6",
          "requester": "benchmark_task_planning",
          "unix_millis_earliest_start_time": 0,
          "unix_millis_request_time": 1788671929140
        },
        "category": "patrol",
        "detail": {
          "places": [
            "crossing_2",
            "bottleneck_1"
          ],
          "rounds": 1
        },
        "dispatch": {
          "errors": [],
          "status": "queued"
        },
        "status": "queued",
        "unix_millis_start_time": 0
      },
      "success": true
    },
    "task_id": "patrol.dispatch-2b993d78b6",
    "dispatch_status": 3,
    "completion_wall_time": 1788672092.739918,
    "outcome": "completed",
    "total_distance_m": 45.877,
    "task_released": true,
    "fixed_wait_exceeded": false
  },
  {
    "repeat": 3,
    "request_id": "bench_patrol_3_335957fa-1454-449e-9238-24b4fb8ca91e",
    "submit_wall_time": 1788672097.7401469,
    "response": {
      "state": {
        "booking": {
          "id": "patrol.dispatch-536e63ce13",
          "requester": "benchmark_task_planning",
          "unix_millis_earliest_start_time": 0,
          "unix_millis_request_time": 1788672097740
        },
        "category": "patrol",
        "detail": {
          "places": [
            "crossing_2",
            "bottleneck_1"
          ],
          "rounds": 1
        },
        "dispatch": {
          "errors": [],
          "status": "queued"
        },
        "status": "queued",
        "unix_millis_start_time": 0
      },
      "success": true
    },
    "task_id": "patrol.dispatch-536e63ce13",
    "dispatch_status": 3,
    "completion_wall_time": 1788672253.5399554,
    "outcome": "completed",
    "total_distance_m": 42.459,
    "task_released": true,
    "fixed_wait_exceeded": false
  },
  {
    "repeat": 4,
    "request_id": "bench_patrol_4_c120d3a5-f920-4a86-9291-703f334b26ee",
    "submit_wall_time": 1788672258.5402706,
    "response": {
      "state": {
        "booking": {
          "id": "patrol.dispatch-2b43bde4f1",
          "requester": "benchmark_task_planning",
          "unix_millis_earliest_start_time": 0,
          "unix_millis_request_time": 1788672258540
        },
        "category": "patrol",
        "detail": {
          "places": [
            "crossing_2",
            "bottleneck_1"
          ],
          "rounds": 1
        },
        "dispatch": {
          "errors": [],
          "status": "queued"
        },
        "status": "queued",
        "unix_millis_start_time": 0
      },
      "success": true
    },
    "task_id": "patrol.dispatch-2b43bde4f1",
    "dispatch_status": 3,
    "completion_wall_time": 1788672433.239946,
    "outcome": "completed",
    "total_distance_m": 45.955,
    "task_released": true,
    "fixed_wait_exceeded": false
  },
  {
    "repeat": 5,
    "request_id": "bench_patrol_5_19e6e615-6a08-4b68-9f8b-74f52a3ccd5d",
    "submit_wall_time": 1788672438.2401886,
    "response": {
      "state": {
        "booking": {
          "id": "patrol.dispatch-ad0f355be5",
          "requester": "benchmark_task_planning",
          "unix_millis_earliest_start_time": 0,
          "unix_millis_request_time": 1788672438240
        },
        "category": "patrol",
        "detail": {
          "places": [
            "crossing_2",
            "bottleneck_1"
          ],
          "rounds": 1
        },
        "dispatch": {
          "errors": [],
          "status": "queued"
        },
        "status": "queued",
        "unix_millis_start_time": 0
      },
      "success": true
    },
    "task_id": "patrol.dispatch-ad0f355be5",
    "dispatch_status": 3,
    "completion_wall_time": 1788672607.1399162,
    "outcome": "completed",
    "total_distance_m": 45.221,
    "task_released": true,
    "fixed_wait_exceeded": false
  }
]
