[WARN] [ros2bag]: Positional "topics" argument deprecated. Please use optional "--topics" argument instead.
stdin is not a terminal device. Keyboard handling disabled.[INFO] [1787287753.392569423] [rosbag2_recorder]: Press SPACE for pausing/resuming
[INFO] [1787287753.392591878] [rosbag2_recorder]: Event publisher thread: Started
[INFO] [1787287753.399503748] [rosbag2_recorder]: Starting recording to '/home/eiu/rmf_ws/benchmark/task_planning/sharedlane_FLEET0N_TRAF02_CONFIG01/run_20260821_0449_N3_nvfix/bag'
[INFO] [1787287753.410052056] [rosbag2_recorder]: Listening for topics...
[INFO] [1787287753.410147536] [rosbag2_recorder]: Recording...
[INFO] [1787287753.410210467] [rosbag2_recorder]: Topics discovery started.
[INFO] [1787287753.441864579] [rosbag2_recorder]: Subscribed to topic '/rmf_traffic/negotiation_conclusion'
[INFO] [1787287753.443373222] [rosbag2_recorder]: Subscribed to topic '/rmf_traffic/negotiation_notice'
[INFO] [1787287753.495463819] [rosbag2_recorder]: Subscribed to topic '/rmf_task/bid_notice'
[INFO] [1787287753.497631318] [rosbag2_recorder]: Subscribed to topic '/rmf_task/dispatch_request'
[INFO] [1787287753.504928517] [rosbag2_recorder]: Subscribed to topic '/rmf_traffic/negotiation_rejection'
[INFO] [1787287753.507680717] [rosbag2_recorder]: Subscribed to topic '/rmf_traffic/negotiation_forfeit'
[INFO] [1787287753.510397004] [rosbag2_recorder]: Subscribed to topic '/rmf_traffic/negotiation_proposal'
[INFO] [1787287754.400292621] [rosbag2_recorder]: Subscribed to topic '/rmf_task/dispatch_ack'
[INFO] [1787287754.408504625] [rosbag2_recorder]: Subscribed to topic '/rmf_traffic/blockade_reached'
[INFO] [1787287754.412825254] [rosbag2_recorder]: Subscribed to topic '/rmf_traffic/blockade_ready'
[INFO] [1787287754.417717949] [rosbag2_recorder]: Subscribed to topic '/rmf_traffic/blockade_release'
[INFO] [1787287754.420984052] [rosbag2_recorder]: Subscribed to topic '/rmf_traffic/blockade_set'
[INFO] [1787287754.428757210] [rosbag2_recorder]: Subscribed to topic '/rmf_task/bid_response'
[INFO] [1787287754.434341501] [rosbag2_recorder]: Subscribed to topic '/fleet_states'
[INFO] [1787287763.227610484] [rosbag2_recorder]: Subscribed to topic '/task_api_requests'
[INFO] [1787287763.227699406] [rosbag2_recorder]: All requested topics are subscribed. Stopping discovery...
[INFO] [1787287763.227711553] [rosbag2_recorder]: Topics discovery stopped.
[INFO] [1787289300.618842055] [rosbag2_recorder]: Pausing recording.
[INFO] [1787289300.618910326] [rosbag2_cpp]: Writing remaining messages from cache to the bag. It may take a while
[INFO] [1787289300.625481893] [rosbag2_recorder]: Recording stopped
[INFO] [1787289300.654671261] [rosbag2_recorder]: Event publisher thread: Exited
