[WARN] [ros2bag]: Positional "topics" argument deprecated. Please use optional "--topics" argument instead.
stdin is not a terminal device. Keyboard handling disabled.[INFO] [1788668137.804299724] [rosbag2_recorder]: Press SPACE for pausing/resuming
[INFO] [1788668137.804331870] [rosbag2_recorder]: Event publisher thread: Started
[INFO] [1788668137.810359431] [rosbag2_recorder]: Starting recording to 'bag'
[INFO] [1788668137.815848470] [rosbag2_recorder]: Subscribed to topic '/rmf_task/dispatch_ack'
[INFO] [1788668137.817199356] [rosbag2_recorder]: Subscribed to topic '/rmf_task/bid_response'
[INFO] [1788668137.820357889] [rosbag2_recorder]: Subscribed to topic '/fleet_states'
[INFO] [1788668137.820538615] [rosbag2_recorder]: Listening for topics...
[INFO] [1788668137.820559001] [rosbag2_recorder]: Recording...
[INFO] [1788668137.820894746] [rosbag2_recorder]: Topics discovery started.
[INFO] [1788668137.828920730] [rosbag2_recorder]: Subscribed to topic '/rmf_task/bid_notice'
[INFO] [1788668137.830619027] [rosbag2_recorder]: Subscribed to topic '/rmf_task/dispatch_request'
[ERROR] [1788668137.831231468] [ROSBAG2_TRANSPORT]: Topic '/map' has more than one type associated. Only topics with one type are supported
[ERROR] [1788668137.832817783] [ROSBAG2_TRANSPORT]: Topic '/map' has more than one type associated. Only topics with one type are supported
[ERROR] [1788668137.835129913] [ROSBAG2_TRANSPORT]: Topic '/map' has more than one type associated. Only topics with one type are supported
[ERROR] [1788668137.836932951] [ROSBAG2_TRANSPORT]: Topic '/cmd_vel' has more than one type associated. Only topics with one type are supported
[ERROR] [1788668137.837225866] [ROSBAG2_TRANSPORT]: Topic '/map' has more than one type associated. Only topics with one type are supported
[ERROR] [1788668137.838883085] [ROSBAG2_TRANSPORT]: Topic '/cmd_vel' has more than one type associated. Only topics with one type are supported
[ERROR] [1788668137.839126101] [ROSBAG2_TRANSPORT]: Topic '/map' has more than one type associated. Only topics with one type are supported
[ERROR] [1788668137.840572077] [ROSBAG2_TRANSPORT]: Topic '/cmd_vel' has more than one type associated. Only topics with one type are supported
[ERROR] [1788668137.840778478] [ROSBAG2_TRANSPORT]: Topic '/map' has more than one type associated. Only topics with one type are supported
[ERROR] [1788668137.841896639] [ROSBAG2_TRANSPORT]: Topic '/cmd_vel' has more than one type associated. Only topics with one type are supported
[ERROR] [1788668137.842034761] [ROSBAG2_TRANSPORT]: Topic '/map' has more than one type associated. Only topics with one type are supported
[ERROR] [1788668137.842846105] [ROSBAG2_TRANSPORT]: Topic '/cmd_vel' has more than one type associated. Only topics with one type are supported
[ERROR] [1788668137.843050809] [ROSBAG2_TRANSPORT]: Topic '/map' has more than one type associated. Only topics with one type are supported
[ERROR] [1788668137.843912296] [ROSBAG2_TRANSPORT]: Topic '/cmd_vel' has more than one type associated. Only topics with one type are supported
[ERROR] [1788668137.844042292] [ROSBAG2_TRANSPORT]: Topic '/map' has more than one type associated. Only topics with one type are supported
[ERROR] [1788668137.844942864] [ROSBAG2_TRANSPORT]: Topic '/cmd_vel' has more than one type associated. Only topics with one type are supported
[ERROR] [1788668137.845079304] [ROSBAG2_TRANSPORT]: Topic '/map' has more than one type associated. Only topics with one type are supported
[ERROR] [1788668137.904629326] [ROSBAG2_TRANSPORT]: Topic '/cmd_vel' has more than one type associated. Only topics with one type are supported
[ERROR] [1788668137.905041857] [ROSBAG2_TRANSPORT]: Topic '/map' has more than one type associated. Only topics with one type are supported
[ERROR] [1788668137.906051037] [ROSBAG2_TRANSPORT]: Topic '/cmd_vel' has more than one type associated. Only topics with one type are supported
[ERROR] [1788668137.906207818] [ROSBAG2_TRANSPORT]: Topic '/map' has more than one type associated. Only topics with one type are supported
[ERROR] [1788668137.914639127] [ROSBAG2_TRANSPORT]: Topic '/cmd_vel' has more than one type associated. Only topics with one type are supported
[ERROR] [1788668137.914863075] [ROSBAG2_TRANSPORT]: Topic '/map' has more than one type associated. Only topics with one type are supported
[ERROR] [1788668137.915789812] [ROSBAG2_TRANSPORT]: Topic '/cmd_vel' has more than one type associated. Only topics with one type are supported
[ERROR] [1788668137.915911543] [ROSBAG2_TRANSPORT]: Topic '/map' has more than one type associated. Only topics with one type are supported
[ERROR] [1788668137.919263592] [ROSBAG2_TRANSPORT]: Topic '/cmd_vel' has more than one type associated. Only topics with one type are supported
[ERROR] [1788668137.919532009] [ROSBAG2_TRANSPORT]: Topic '/map' has more than one type associated. Only topics with one type are supported
[ERROR] [1788668137.922382162] [ROSBAG2_TRANSPORT]: Topic '/cmd_vel' has more than one type associated. Only topics with one type are supported
[ERROR] [1788668137.922583627] [ROSBAG2_TRANSPORT]: Topic '/map' has more than one type associated. Only topics with one type are supported
[ERROR] [1788668137.923859016] [ROSBAG2_TRANSPORT]: Topic '/cmd_vel' has more than one type associated. Only topics with one type are supported
[ERROR] [1788668137.924088364] [ROSBAG2_TRANSPORT]: Topic '/map' has more than one type associated. Only topics with one type are supported
[ERROR] [1788668137.925176152] [ROSBAG2_TRANSPORT]: Topic '/cmd_vel' has more than one type associated. Only topics with one type are supported
[ERROR] [1788668137.925322479] [ROSBAG2_TRANSPORT]: Topic '/map' has more than one type associated. Only topics with one type are supported
[ERROR] [1788668140.733764671] [ROSBAG2_TRANSPORT]: Topic '/cmd_vel' has more than one type associated. Only topics with one type are supported
[ERROR] [1788668140.734233111] [ROSBAG2_TRANSPORT]: Topic '/map' has more than one type associated. Only topics with one type are supported
[ERROR] [1788668140.743930963] [ROSBAG2_TRANSPORT]: Topic '/cmd_vel' has more than one type associated. Only topics with one type are supported
[ERROR] [1788668140.744684005] [ROSBAG2_TRANSPORT]: Topic '/map' has more than one type associated. Only topics with one type are supported
[ERROR] [1788668140.753482787] [ROSBAG2_TRANSPORT]: Topic '/cmd_vel' has more than one type associated. Only topics with one type are supported
[ERROR] [1788668140.753921837] [ROSBAG2_TRANSPORT]: Topic '/map' has more than one type associated. Only topics with one type are supported
[ERROR] [1788668140.769273920] [ROSBAG2_TRANSPORT]: Topic '/cmd_vel' has more than one type associated. Only topics with one type are supported
[ERROR] [1788668140.769685526] [ROSBAG2_TRANSPORT]: Topic '/map' has more than one type associated. Only topics with one type are supported
[ERROR] [1788668140.770747990] [ROSBAG2_TRANSPORT]: Topic '/cmd_vel' has more than one type associated. Only topics with one type are supported
[ERROR] [1788668140.770882254] [ROSBAG2_TRANSPORT]: Topic '/map' has more than one type associated. Only topics with one type are supported
[ERROR] [1788668140.777215935] [ROSBAG2_TRANSPORT]: Topic '/cmd_vel' has more than one type associated. Only topics with one type are supported
[ERROR] [1788668140.777744526] [ROSBAG2_TRANSPORT]: Topic '/map' has more than one type associated. Only topics with one type are supported
[ERROR] [1788668140.779736687] [ROSBAG2_TRANSPORT]: Topic '/cmd_vel' has more than one type associated. Only topics with one type are supported
[ERROR] [1788668140.779950970] [ROSBAG2_TRANSPORT]: Topic '/map' has more than one type associated. Only topics with one type are supported
[ERROR] [1788668140.792165269] [ROSBAG2_TRANSPORT]: Topic '/cmd_vel' has more than one type associated. Only topics with one type are supported
[ERROR] [1788668140.792670405] [ROSBAG2_TRANSPORT]: Topic '/map' has more than one type associated. Only topics with one type are supported
[INFO] [1788668140.794851100] [rosbag2_recorder]: Subscribed to topic '/task_api_requests'
[INFO] [1788668140.794914445] [rosbag2_recorder]: All requested topics are subscribed. Stopping discovery...
[INFO] [1788668140.794947082] [rosbag2_recorder]: Topics discovery stopped.
[INFO] [1788669040.384541574] [rosbag2_recorder]: Pausing recording.
[INFO] [1788669040.384596402] [rosbag2_cpp]: Writing remaining messages from cache to the bag. It may take a while
[INFO] [1788669040.387035902] [rosbag2_recorder]: Recording stopped
[INFO] [1788669040.394198044] [rosbag2_recorder]: Event publisher thread: Exited
