{
  "scenario": "Head-on, N=3, CONFIG_01, repeat 3",
  "bag_path": "/home/eiu/rmf_ws/src/benchmark/task_planning/headon_FLEET0N_TRAF04_CONFIG01/run_20260919_0322_N3/repeat_3/bag",
  "robots": [
    "tb3_robot1",
    "tb3_robot2",
    "tb3_robot3"
  ],
  "n_tasks": 3,
  "n_makespan_unresolved": 0,
  "makespan_resolution_rate_pct": 100.0,
  "per_task": [
    {
      "task_id": "patrol.dispatch-ee24899c4c",
      "t_bid_notice": 1789789387.4454682,
      "t_bid_response": 1789789387.4492235,
      "planning_latency_s": 0.003755331039428711,
      "dispatch_id": 0,
      "dispatch_success": true,
      "t_award": 1789789447.6452959,
      "t_submit": 1789789387.493439,
      "places": [
        "charger_1",
        "bottleneck_3"
      ],
      "route_start_xy": [
        5.368279400762283,
        -6.6542575498156475
      ],
      "robot": "tb3_robot1",
      "reassigned": false,
      "t_arrival_at_route_start": 1789789447.6900976,
      "t_end_physical": 1789789556.3900242,
      "makespan_s": 108.69992661476135,
      "makespan_incl_transit_s": 168.89658522605896,
      "queueing_s": 60.151856899261475,
      "execution_s": 108.69992661476135
    },
    {
      "task_id": "patrol.dispatch-eb0732c9e0",
      "t_bid_notice": 1789789447.8453202,
      "t_bid_response": 1789789447.8506386,
      "planning_latency_s": 0.005318403244018555,
      "dispatch_id": 1,
      "dispatch_success": true,
      "t_award": 1789789510.4453306,
      "t_submit": 1789789387.493484,
      "places": [
        "crossing_1",
        "bottleneck_3"
      ],
      "route_start_xy": [
        10.498355712223173,
        -6.565416656710134
      ],
      "robot": "tb3_robot2",
      "reassigned": false,
      "t_arrival_at_route_start": 1789789510.48995,
      "t_end_physical": 1789789607.4899347,
      "makespan_s": 96.99998474121094,
      "makespan_incl_transit_s": 219.99645066261292,
      "queueing_s": 122.95184659957886,
      "execution_s": 96.99998474121094
    },
    {
      "task_id": "patrol.dispatch-e03d3f9070",
      "t_bid_notice": 1789789510.6452267,
      "t_bid_response": 1789789510.6483507,
      "planning_latency_s": 0.0031239986419677734,
      "dispatch_id": 2,
      "dispatch_success": true,
      "t_award": 1789789570.6453855,
      "t_submit": 1789789387.4935021,
      "places": [
        "crossing_2",
        "bottleneck_1"
      ],
      "route_start_xy": [
        10.453960151074646,
        -8.208848752140975
      ],
      "robot": "tb3_robot3",
      "reassigned": false,
      "t_arrival_at_route_start": 1789789570.6901057,
      "t_end_physical": 1789789655.6899757,
      "makespan_s": 84.99987006187439,
      "makespan_incl_transit_s": 268.1964735984802,
      "queueing_s": 183.15188336372375,
      "execution_s": 84.99987006187439
    }
  ],
  "per_robot": {
    "tb3_robot1": {
      "n_tasks": 1,
      "makespan_s": {
        "n": 1,
        "mean": 108.69992661476135,
        "stdev": 0.0,
        "min": 108.69992661476135,
        "max": 108.69992661476135
      }
    },
    "tb3_robot2": {
      "n_tasks": 1,
      "makespan_s": {
        "n": 1,
        "mean": 96.99998474121094,
        "stdev": 0.0,
        "min": 96.99998474121094,
        "max": 96.99998474121094
      }
    },
    "tb3_robot3": {
      "n_tasks": 1,
      "makespan_s": {
        "n": 1,
        "mean": 84.99987006187439,
        "stdev": 0.0,
        "min": 84.99987006187439,
        "max": 84.99987006187439
      }
    }
  },
  "1a_task_dispatch_success_rate_pct": 100.0,
  "1b_planning_latency_s": {
    "n": 3,
    "mean": 0.004065910975138347,
    "stdev": 0.0011296892544963252,
    "min": 0.0031239986419677734,
    "max": 0.005318403244018555
  },
  "1c_makespan_s": {
    "n": 3,
    "mean": 96.89992713928223,
    "stdev": 11.850345091822764,
    "min": 84.99987006187439,
    "max": 108.69992661476135
  },
  "1c_makespan_incl_transit_s": {
    "n": 3,
    "mean": 219.02983649571738,
    "stdev": 49.65700066359791,
    "min": 168.89658522605896,
    "max": 268.1964735984802
  },
  "1c_queueing_s": {
    "n": 3,
    "mean": 122.08519562085469,
    "stdev": 61.504592840728556,
    "min": 60.151856899261475,
    "max": 183.15188336372375
  },
  "1c_execution_s": {
    "n": 3,
    "mean": 96.89992713928223,
    "stdev": 11.850345091822764,
    "min": 84.99987006187439,
    "max": 108.69992661476135
  },
  "negotiation_message_counts": {
    "/rmf_traffic/negotiation_notice": 0,
    "/rmf_traffic/negotiation_proposal": 0,
    "/rmf_traffic/negotiation_conclusion": 0,
    "/rmf_traffic/negotiation_rejection": 0,
    "/rmf_traffic/negotiation_forfeit": 0
  },
  "blockade_message_counts": {
    "/rmf_traffic/blockade_set": 0,
    "/rmf_traffic/blockade_ready": 0,
    "/rmf_traffic/blockade_reached": 0,
    "/rmf_traffic/blockade_release": 0
  }
}
