=== Repeat 1/5: submitting patrol task ===
Repeat 1: task_id=patrol.dispatch-78f09742b5
Repeat 1: outcome=completed dispatch_status=3 total_distance_m=15.477
=== Repeat 2/5: submitting patrol task ===
Repeat 2: task_id=patrol.dispatch-49d37caf1e
Repeat 2: outcome=completed dispatch_status=3 total_distance_m=20.469
=== Repeat 3/5: submitting patrol task ===
Repeat 3: task_id=patrol.dispatch-2816910129
Repeat 3: outcome=completed dispatch_status=3 total_distance_m=19.638
=== Repeat 4/5: submitting patrol task ===
Repeat 4: task_id=patrol.dispatch-328e503254
Repeat 4: outcome=completed dispatch_status=3 total_distance_m=20.322
=== Repeat 5/5: submitting patrol task ===
Repeat 5: task_id=patrol.dispatch-7dda20a9fa
Repeat 5: outcome=completed dispatch_status=3 total_distance_m=19.427
=== DONE ===
[
  {
    "repeat": 1,
    "request_id": "bench_patrol_1_2b520cb7-9390-430c-9890-3e68da2e114c",
    "submit_wall_time": 1788673760.8844728,
    "response": {
      "state": {
        "booking": {
          "id": "patrol.dispatch-78f09742b5",
          "requester": "benchmark_task_planning",
          "unix_millis_earliest_start_time": 0,
          "unix_millis_request_time": 1788673760884
        },
        "category": "patrol",
        "detail": {
          "places": [
            "sharedlane_1",
            "sharedlane_3"
          ],
          "rounds": 1
        },
        "dispatch": {
          "errors": [],
          "status": "queued"
        },
        "status": "queued",
        "unix_millis_start_time": 0
      },
      "success": true
    },
    "task_id": "patrol.dispatch-78f09742b5",
    "dispatch_status": 3,
    "completion_wall_time": 1788673830.4577773,
    "outcome": "completed",
    "total_distance_m": 15.477,
    "task_released": true,
    "fixed_wait_exceeded": false
  },
  {
    "repeat": 2,
    "request_id": "bench_patrol_2_5600d9ac-097a-457a-8e32-cc39efa8e995",
    "submit_wall_time": 1788673835.458024,
    "response": {
      "state": {
        "booking": {
          "id": "patrol.dispatch-49d37caf1e",
          "requester": "benchmark_task_planning",
          "unix_millis_earliest_start_time": 0,
          "unix_millis_request_time": 1788673835458
        },
        "category": "patrol",
        "detail": {
          "places": [
            "sharedlane_1",
            "sharedlane_3"
          ],
          "rounds": 1
        },
        "dispatch": {
          "errors": [],
          "status": "queued"
        },
        "status": "queued",
        "unix_millis_start_time": 0
      },
      "success": true
    },
    "task_id": "patrol.dispatch-49d37caf1e",
    "dispatch_status": 3,
    "completion_wall_time": 1788673923.3579786,
    "outcome": "completed",
    "total_distance_m": 20.469,
    "task_released": true,
    "fixed_wait_exceeded": false
  },
  {
    "repeat": 3,
    "request_id": "bench_patrol_3_e38b05ee-dc2b-4f02-bf07-da8c400a279c",
    "submit_wall_time": 1788673928.3582914,
    "response": {
      "state": {
        "booking": {
          "id": "patrol.dispatch-2816910129",
          "requester": "benchmark_task_planning",
          "unix_millis_earliest_start_time": 0,
          "unix_millis_request_time": 1788673928358
        },
        "category": "patrol",
        "detail": {
          "places": [
            "sharedlane_1",
            "sharedlane_3"
          ],
          "rounds": 1
        },
        "dispatch": {
          "errors": [],
          "status": "queued"
        },
        "status": "queued",
        "unix_millis_start_time": 0
      },
      "success": true
    },
    "task_id": "patrol.dispatch-2816910129",
    "dispatch_status": 3,
    "completion_wall_time": 1788674014.6577475,
    "outcome": "completed",
    "total_distance_m": 19.638,
    "task_released": true,
    "fixed_wait_exceeded": false
  },
  {
    "repeat": 4,
    "request_id": "bench_patrol_4_ee632ca5-1e78-4ec4-826a-dd9eae43e172",
    "submit_wall_time": 1788674019.65801,
    "response": {
      "state": {
        "booking": {
          "id": "patrol.dispatch-328e503254",
          "requester": "benchmark_task_planning",
          "unix_millis_earliest_start_time": 0,
          "unix_millis_request_time": 1788674019658
        },
        "category": "patrol",
        "detail": {
          "places": [
            "sharedlane_1",
            "sharedlane_3"
          ],
          "rounds": 1
        },
        "dispatch": {
          "errors": [],
          "status": "queued"
        },
        "status": "queued",
        "unix_millis_start_time": 0
      },
      "success": true
    },
    "task_id": "patrol.dispatch-328e503254",
    "dispatch_status": 3,
    "completion_wall_time": 1788674107.2578464,
    "outcome": "completed",
    "total_distance_m": 20.322,
    "task_released": true,
    "fixed_wait_exceeded": false
  },
  {
    "repeat": 5,
    "request_id": "bench_patrol_5_e7111b8c-0cc1-41ae-93d1-c6ec06835c65",
    "submit_wall_time": 1788674112.2581122,
    "response": {
      "state": {
        "booking": {
          "id": "patrol.dispatch-7dda20a9fa",
          "requester": "benchmark_task_planning",
          "unix_millis_earliest_start_time": 0,
          "unix_millis_request_time": 1788674112258
        },
        "category": "patrol",
        "detail": {
          "places": [
            "sharedlane_1",
            "sharedlane_3"
          ],
          "rounds": 1
        },
        "dispatch": {
          "errors": [],
          "status": "queued"
        },
        "status": "queued",
        "unix_millis_start_time": 0
      },
      "success": true
    },
    "task_id": "patrol.dispatch-7dda20a9fa",
    "dispatch_status": 3,
    "completion_wall_time": 1788674199.6577144,
    "outcome": "completed",
    "total_distance_m": 19.427,
    "task_released": true,
    "fixed_wait_exceeded": false
  }
]
