[WARN] [ros2bag]: Positional "topics" argument deprecated. Please use optional "--topics" argument instead.
stdin is not a terminal device. Keyboard handling disabled.[INFO] [1787126426.798004170] [rosbag2_recorder]: Press SPACE for pausing/resuming
[INFO] [1787126426.798637267] [rosbag2_recorder]: Event publisher thread: Started
[INFO] [1787126426.803958847] [rosbag2_recorder]: Starting recording to 'bag'
[INFO] [1787126426.811727632] [rosbag2_recorder]: Listening for topics...
[INFO] [1787126426.812880301] [rosbag2_recorder]: Recording...
[INFO] [1787126426.812084449] [rosbag2_recorder]: Topics discovery started.
[INFO] [1787126426.821483168] [rosbag2_recorder]: Subscribed to topic '/rmf_task/bid_notice'
[INFO] [1787126426.824502049] [rosbag2_recorder]: Subscribed to topic '/rmf_task/dispatch_request'
[ERROR] [1787126426.825240293] [ROSBAG2_TRANSPORT]: Topic '/cmd_vel' has more than one type associated. Only topics with one type are supported
[INFO] [1787126426.832111138] [rosbag2_recorder]: Subscribed to topic '/fleet_states'
[INFO] [1787126426.835250797] [rosbag2_recorder]: Subscribed to topic '/rmf_task/bid_response'
[INFO] [1787126426.838914796] [rosbag2_recorder]: Subscribed to topic '/rmf_task/dispatch_ack'
[ERROR] [1787126426.839597787] [ROSBAG2_TRANSPORT]: Topic '/cmd_vel' has more than one type associated. Only topics with one type are supported
[ERROR] [1787126426.839908930] [ROSBAG2_TRANSPORT]: Topic '/map' has more than one type associated. Only topics with one type are supported
[ERROR] [1787126426.841708117] [ROSBAG2_TRANSPORT]: Topic '/cmd_vel' has more than one type associated. Only topics with one type are supported
[ERROR] [1787126426.842130853] [ROSBAG2_TRANSPORT]: Topic '/map' has more than one type associated. Only topics with one type are supported
[ERROR] [1787126426.843811908] [ROSBAG2_TRANSPORT]: Topic '/cmd_vel' has more than one type associated. Only topics with one type are supported
[ERROR] [1787126426.844166557] [ROSBAG2_TRANSPORT]: Topic '/map' has more than one type associated. Only topics with one type are supported
[ERROR] [1787126426.845882294] [ROSBAG2_TRANSPORT]: Topic '/cmd_vel' has more than one type associated. Only topics with one type are supported
[ERROR] [1787126426.846341733] [ROSBAG2_TRANSPORT]: Topic '/map' has more than one type associated. Only topics with one type are supported
[ERROR] [1787126426.848470291] [ROSBAG2_TRANSPORT]: Topic '/cmd_vel' has more than one type associated. Only topics with one type are supported
[ERROR] [1787126426.848903171] [ROSBAG2_TRANSPORT]: Topic '/map' has more than one type associated. Only topics with one type are supported
[ERROR] [1787126426.851627237] [ROSBAG2_TRANSPORT]: Topic '/cmd_vel' has more than one type associated. Only topics with one type are supported
[ERROR] [1787126426.852019414] [ROSBAG2_TRANSPORT]: Topic '/map' has more than one type associated. Only topics with one type are supported
[ERROR] [1787126426.853287899] [ROSBAG2_TRANSPORT]: Topic '/cmd_vel' has more than one type associated. Only topics with one type are supported
[ERROR] [1787126426.853478069] [ROSBAG2_TRANSPORT]: Topic '/map' has more than one type associated. Only topics with one type are supported
[ERROR] [1787126426.893065060] [ROSBAG2_TRANSPORT]: Topic '/cmd_vel' has more than one type associated. Only topics with one type are supported
[ERROR] [1787126426.893697945] [ROSBAG2_TRANSPORT]: Topic '/map' has more than one type associated. Only topics with one type are supported
[ERROR] [1787126426.895556468] [ROSBAG2_TRANSPORT]: Topic '/cmd_vel' has more than one type associated. Only topics with one type are supported
[ERROR] [1787126426.895988677] [ROSBAG2_TRANSPORT]: Topic '/map' has more than one type associated. Only topics with one type are supported
[ERROR] [1787126426.899810046] [ROSBAG2_TRANSPORT]: Topic '/cmd_vel' has more than one type associated. Only topics with one type are supported
[ERROR] [1787126426.900186443] [ROSBAG2_TRANSPORT]: Topic '/map' has more than one type associated. Only topics with one type are supported
[ERROR] [1787126426.902303212] [ROSBAG2_TRANSPORT]: Topic '/cmd_vel' has more than one type associated. Only topics with one type are supported
[ERROR] [1787126426.902618242] [ROSBAG2_TRANSPORT]: Topic '/map' has more than one type associated. Only topics with one type are supported
[ERROR] [1787126426.906761754] [ROSBAG2_TRANSPORT]: Topic '/cmd_vel' has more than one type associated. Only topics with one type are supported
[ERROR] [1787126426.907089313] [ROSBAG2_TRANSPORT]: Topic '/map' has more than one type associated. Only topics with one type are supported
[ERROR] [1787126426.908618888] [ROSBAG2_TRANSPORT]: Topic '/cmd_vel' has more than one type associated. Only topics with one type are supported
[ERROR] [1787126426.908957179] [ROSBAG2_TRANSPORT]: Topic '/map' has more than one type associated. Only topics with one type are supported
[ERROR] [1787126426.910509317] [ROSBAG2_TRANSPORT]: Topic '/cmd_vel' has more than one type associated. Only topics with one type are supported
[ERROR] [1787126426.910802612] [ROSBAG2_TRANSPORT]: Topic '/map' has more than one type associated. Only topics with one type are supported
[ERROR] [1787126426.912179169] [ROSBAG2_TRANSPORT]: Topic '/cmd_vel' has more than one type associated. Only topics with one type are supported
[ERROR] [1787126426.912419610] [ROSBAG2_TRANSPORT]: Topic '/map' has more than one type associated. Only topics with one type are supported
[ERROR] [1787126426.926709520] [ROSBAG2_TRANSPORT]: Topic '/cmd_vel' has more than one type associated. Only topics with one type are supported
[ERROR] [1787126426.927154761] [ROSBAG2_TRANSPORT]: Topic '/map' has more than one type associated. Only topics with one type are supported
[ERROR] [1787126426.930662442] [ROSBAG2_TRANSPORT]: Topic '/cmd_vel' has more than one type associated. Only topics with one type are supported
[ERROR] [1787126426.931308885] [ROSBAG2_TRANSPORT]: Topic '/map' has more than one type associated. Only topics with one type are supported
[ERROR] [1787126426.934668673] [ROSBAG2_TRANSPORT]: Topic '/cmd_vel' has more than one type associated. Only topics with one type are supported
[ERROR] [1787126426.935437441] [ROSBAG2_TRANSPORT]: Topic '/map' has more than one type associated. Only topics with one type are supported
[ERROR] [1787126426.937385175] [ROSBAG2_TRANSPORT]: Topic '/cmd_vel' has more than one type associated. Only topics with one type are supported
[ERROR] [1787126426.937648020] [ROSBAG2_TRANSPORT]: Topic '/map' has more than one type associated. Only topics with one type are supported
[ERROR] [1787126426.938993791] [ROSBAG2_TRANSPORT]: Topic '/cmd_vel' has more than one type associated. Only topics with one type are supported
[ERROR] [1787126426.939164851] [ROSBAG2_TRANSPORT]: Topic '/map' has more than one type associated. Only topics with one type are supported
[ERROR] [1787126437.944009793] [ROSBAG2_TRANSPORT]: Topic '/cmd_vel' has more than one type associated. Only topics with one type are supported
[ERROR] [1787126437.948046378] [ROSBAG2_TRANSPORT]: Topic '/map' has more than one type associated. Only topics with one type are supported
[ERROR] [1787126437.966735001] [ROSBAG2_TRANSPORT]: Topic '/cmd_vel' has more than one type associated. Only topics with one type are supported
[ERROR] [1787126437.968734499] [ROSBAG2_TRANSPORT]: Topic '/map' has more than one type associated. Only topics with one type are supported
[ERROR] [1787126437.972695325] [ROSBAG2_TRANSPORT]: Topic '/cmd_vel' has more than one type associated. Only topics with one type are supported
[ERROR] [1787126437.973441988] [ROSBAG2_TRANSPORT]: Topic '/map' has more than one type associated. Only topics with one type are supported
[ERROR] [1787126437.979806792] [ROSBAG2_TRANSPORT]: Topic '/cmd_vel' has more than one type associated. Only topics with one type are supported
[ERROR] [1787126437.981048999] [ROSBAG2_TRANSPORT]: Topic '/map' has more than one type associated. Only topics with one type are supported
[ERROR] [1787126437.984808341] [ROSBAG2_TRANSPORT]: Topic '/cmd_vel' has more than one type associated. Only topics with one type are supported
[ERROR] [1787126437.985663484] [ROSBAG2_TRANSPORT]: Topic '/map' has more than one type associated. Only topics with one type are supported
[ERROR] [1787126437.997481087] [ROSBAG2_TRANSPORT]: Topic '/cmd_vel' has more than one type associated. Only topics with one type are supported
[ERROR] [1787126437.998076717] [ROSBAG2_TRANSPORT]: Topic '/map' has more than one type associated. Only topics with one type are supported
[ERROR] [1787126438.001803729] [ROSBAG2_TRANSPORT]: Topic '/cmd_vel' has more than one type associated. Only topics with one type are supported
[ERROR] [1787126438.002483900] [ROSBAG2_TRANSPORT]: Topic '/map' has more than one type associated. Only topics with one type are supported
[ERROR] [1787126438.005538393] [ROSBAG2_TRANSPORT]: Topic '/cmd_vel' has more than one type associated. Only topics with one type are supported
[ERROR] [1787126438.008342929] [ROSBAG2_TRANSPORT]: Topic '/map' has more than one type associated. Only topics with one type are supported
[ERROR] [1787126438.011571047] [ROSBAG2_TRANSPORT]: Topic '/cmd_vel' has more than one type associated. Only topics with one type are supported
[ERROR] [1787126438.012491243] [ROSBAG2_TRANSPORT]: Topic '/map' has more than one type associated. Only topics with one type are supported
[ERROR] [1787126438.014936370] [ROSBAG2_TRANSPORT]: Topic '/cmd_vel' has more than one type associated. Only topics with one type are supported
[ERROR] [1787126438.015166441] [ROSBAG2_TRANSPORT]: Topic '/map' has more than one type associated. Only topics with one type are supported
[ERROR] [1787126438.046279181] [ROSBAG2_TRANSPORT]: Topic '/cmd_vel' has more than one type associated. Only topics with one type are supported
[ERROR] [1787126438.046883672] [ROSBAG2_TRANSPORT]: Topic '/map' has more than one type associated. Only topics with one type are supported
[INFO] [1787126438.050098207] [rosbag2_recorder]: Subscribed to topic '/task_api_requests'
[INFO] [1787126438.050170656] [rosbag2_recorder]: All requested topics are subscribed. Stopping discovery...
[INFO] [1787126438.050179592] [rosbag2_recorder]: Topics discovery stopped.
[INFO] [1787127607.910069418] [rosbag2_recorder]: Pausing recording.
[INFO] [1787127607.910190386] [rosbag2_cpp]: Writing remaining messages from cache to the bag. It may take a while
[INFO] [1787127607.915655190] [rosbag2_recorder]: Recording stopped
[INFO] [1787127607.925052026] [rosbag2_recorder]: Event publisher thread: Exited
