=== Repeat 1/5: submitting patrol task ===
Repeat 1: task_id=patrol.dispatch-4113f29355
Repeat 1: outcome=completed dispatch_status=3 total_distance_m=44.235
=== Repeat 2/5: submitting patrol task ===
Repeat 2: task_id=patrol.dispatch-c5518861d7
Repeat 2: outcome=completed dispatch_status=3 total_distance_m=25.026
=== Repeat 3/5: submitting patrol task ===
Repeat 3: task_id=patrol.dispatch-b4cd17d97d
Repeat 3: outcome=completed dispatch_status=3 total_distance_m=35.978
=== Repeat 4/5: submitting patrol task ===
Repeat 4: task_id=patrol.dispatch-77b66eb141
Repeat 4: outcome=completed dispatch_status=3 total_distance_m=48.836
=== Repeat 5/5: submitting patrol task ===
Repeat 5: task_id=patrol.dispatch-5d52db40ef
Repeat 5: outcome=completed dispatch_status=3 total_distance_m=44.115
=== DONE ===
[
  {
    "repeat": 1,
    "request_id": "bench_patrol_1_7f815828-3bdc-4564-ac28-1cca61d7ddf5",
    "submit_wall_time": 1787126438.0493703,
    "response": {
      "state": {
        "booking": {
          "id": "patrol.dispatch-4113f29355",
          "requester": "benchmark_task_planning",
          "unix_millis_earliest_start_time": 1787126438049,
          "unix_millis_request_time": 1787126438049
        },
        "category": "patrol",
        "detail": {
          "places": [
            "charger_1",
            "crossing_1"
          ],
          "rounds": 5
        },
        "dispatch": {
          "errors": [],
          "status": "queued"
        },
        "status": "queued",
        "unix_millis_start_time": 1787126438049
      },
      "success": true
    },
    "task_id": "patrol.dispatch-4113f29355",
    "dispatch_status": 3,
    "completion_wall_time": 1787126658.154948,
    "outcome": "completed",
    "total_distance_m": 44.235
  },
  {
    "repeat": 2,
    "request_id": "bench_patrol_2_ed9f86ee-54e7-480f-b581-1e719aff9c24",
    "submit_wall_time": 1787126663.1575403,
    "response": {
      "state": {
        "booking": {
          "id": "patrol.dispatch-c5518861d7",
          "requester": "benchmark_task_planning",
          "unix_millis_earliest_start_time": 1787126663157,
          "unix_millis_request_time": 1787126663157
        },
        "category": "patrol",
        "detail": {
          "places": [
            "charger_1",
            "crossing_1"
          ],
          "rounds": 5
        },
        "dispatch": {
          "errors": [],
          "status": "queued"
        },
        "status": "queued",
        "unix_millis_start_time": 1787126663157
      },
      "success": true
    },
    "task_id": "patrol.dispatch-c5518861d7",
    "dispatch_status": 3,
    "completion_wall_time": 1787126883.255946,
    "outcome": "completed",
    "total_distance_m": 25.026
  },
  {
    "repeat": 3,
    "request_id": "bench_patrol_3_da0a3689-6b0a-4f3e-9027-082681cc9130",
    "submit_wall_time": 1787126888.2563303,
    "response": {
      "state": {
        "booking": {
          "id": "patrol.dispatch-b4cd17d97d",
          "requester": "benchmark_task_planning",
          "unix_millis_earliest_start_time": 1787126888256,
          "unix_millis_request_time": 1787126888256
        },
        "category": "patrol",
        "detail": {
          "places": [
            "charger_1",
            "crossing_1"
          ],
          "rounds": 5
        },
        "dispatch": {
          "errors": [],
          "status": "queued"
        },
        "status": "queued",
        "unix_millis_start_time": 1787126888256
      },
      "success": true
    },
    "task_id": "patrol.dispatch-b4cd17d97d",
    "dispatch_status": 3,
    "completion_wall_time": 1787127108.3549857,
    "outcome": "completed",
    "total_distance_m": 35.978
  },
  {
    "repeat": 4,
    "request_id": "bench_patrol_4_ef8dd16c-1271-43f7-a93b-9aa6372c6196",
    "submit_wall_time": 1787127113.355326,
    "response": {
      "state": {
        "booking": {
          "id": "patrol.dispatch-77b66eb141",
          "requester": "benchmark_task_planning",
          "unix_millis_earliest_start_time": 1787127113355,
          "unix_millis_request_time": 1787127113355
        },
        "category": "patrol",
        "detail": {
          "places": [
            "charger_1",
            "crossing_1"
          ],
          "rounds": 5
        },
        "dispatch": {
          "errors": [],
          "status": "queued"
        },
        "status": "queued",
        "unix_millis_start_time": 1787127113355
      },
      "success": true
    },
    "task_id": "patrol.dispatch-77b66eb141",
    "dispatch_status": 3,
    "completion_wall_time": 1787127333.3565907,
    "outcome": "completed",
    "total_distance_m": 48.836
  },
  {
    "repeat": 5,
    "request_id": "bench_patrol_5_e7a91080-32db-4e1c-91b2-7ae3a58ba691",
    "submit_wall_time": 1787127338.3569353,
    "response": {
      "state": {
        "booking": {
          "id": "patrol.dispatch-5d52db40ef",
          "requester": "benchmark_task_planning",
          "unix_millis_earliest_start_time": 1787127338357,
          "unix_millis_request_time": 1787127338357
        },
        "category": "patrol",
        "detail": {
          "places": [
            "charger_1",
            "crossing_1"
          ],
          "rounds": 5
        },
        "dispatch": {
          "errors": [],
          "status": "queued"
        },
        "status": "queued",
        "unix_millis_start_time": 1787127338357
      },
      "success": true
    },
    "task_id": "patrol.dispatch-5d52db40ef",
    "dispatch_status": 3,
    "completion_wall_time": 1787127558.4550927,
    "outcome": "completed",
    "total_distance_m": 44.115
  }
]
