=== Repeat 1/1: submitting 3 concurrent patrol tasks ===
  route ['charger_1', 'bottleneck_1']: task_id=patrol.dispatch-0856bc1cb5
  route ['crossing_1', 'loop_4']: task_id=patrol.dispatch-b2d5045623
  route ['crossing_2', 'bottleneck_3']: task_id=patrol.dispatch-4c9ff68ef4
Repeat 1: outcome={'tb3_robot1': 'completed', 'tb3_robot2': 'completed', 'tb3_robot3': 'completed'} total_distance_m={'tb3_robot1': 98.558, 'tb3_robot2': 8.04, 'tb3_robot3': 19.676}
=== DONE ===
[
  {
    "repeat": 1,
    "tasks": [
      {
        "request_id": "bench_patrol_1_0_06d75657-c346-4db5-bd36-0bfe041f1a2d",
        "places": [
          "charger_1",
          "bottleneck_1"
        ],
        "submit_wall_time": 1787533862.6962538,
        "response": {
          "state": {
            "booking": {
              "id": "patrol.dispatch-0856bc1cb5",
              "requester": "benchmark_task_planning",
              "unix_millis_earliest_start_time": 1787533862696,
              "unix_millis_request_time": 1787533862696
            },
            "category": "patrol",
            "detail": {
              "places": [
                "charger_1",
                "bottleneck_1"
              ],
              "rounds": 1
            },
            "dispatch": {
              "errors": [],
              "status": "queued"
            },
            "status": "queued",
            "unix_millis_start_time": 1787533862696
          },
          "success": true
        },
        "task_id": "patrol.dispatch-0856bc1cb5"
      },
      {
        "request_id": "bench_patrol_1_1_1d7f8387-7902-4950-b4fc-d49cee589fb1",
        "places": [
          "crossing_1",
          "loop_4"
        ],
        "submit_wall_time": 1787533862.6965532,
        "response": {
          "state": {
            "booking": {
              "id": "patrol.dispatch-b2d5045623",
              "requester": "benchmark_task_planning",
              "unix_millis_earliest_start_time": 1787533862697,
              "unix_millis_request_time": 1787533862697
            },
            "category": "patrol",
            "detail": {
              "places": [
                "crossing_1",
                "loop_4"
              ],
              "rounds": 1
            },
            "dispatch": {
              "errors": [],
              "status": "queued"
            },
            "status": "queued",
            "unix_millis_start_time": 1787533862697
          },
          "success": true
        },
        "task_id": "patrol.dispatch-b2d5045623"
      },
      {
        "request_id": "bench_patrol_1_2_833053e2-cb52-4eaf-8527-13598afe9c28",
        "places": [
          "crossing_2",
          "bottleneck_3"
        ],
        "submit_wall_time": 1787533862.6966963,
        "response": {
          "state": {
            "booking": {
              "id": "patrol.dispatch-4c9ff68ef4",
              "requester": "benchmark_task_planning",
              "unix_millis_earliest_start_time": 1787533862697,
              "unix_millis_request_time": 1787533862697
            },
            "category": "patrol",
            "detail": {
              "places": [
                "crossing_2",
                "bottleneck_3"
              ],
              "rounds": 1
            },
            "dispatch": {
              "errors": [],
              "status": "queued"
            },
            "status": "queued",
            "unix_millis_start_time": 1787533862697
          },
          "success": true
        },
        "task_id": "patrol.dispatch-4c9ff68ef4"
      }
    ],
    "completion_wall_time": 1787534162.7961142,
    "dispatch_status": {
      "patrol.dispatch-0856bc1cb5": 3,
      "patrol.dispatch-b2d5045623": 3,
      "patrol.dispatch-4c9ff68ef4": 3
    },
    "total_distance_m": {
      "tb3_robot1": 98.558,
      "tb3_robot2": 8.04,
      "tb3_robot3": 19.676
    },
    "outcome": {
      "tb3_robot1": "completed",
      "tb3_robot2": "completed",
      "tb3_robot3": "completed"
    }
  }
]
=== Repeat 1/1: submitting 3 concurrent patrol tasks ===
  route ['charger_1', 'bottleneck_1']: task_id=patrol.dispatch-73c46b7d70
  route ['crossing_1', 'loop_4']: task_id=patrol.dispatch-a4347def31
  route ['crossing_2', 'bottleneck_3']: task_id=patrol.dispatch-4c872518ad
Repeat 1: outcome={'tb3_robot1': 'completed', 'tb3_robot2': 'completed', 'tb3_robot3': 'completed'} total_distance_m={'tb3_robot1': 22.349, 'tb3_robot2': 15.684, 'tb3_robot3': 22.535}
=== DONE ===
[
  {
    "repeat": 1,
    "tasks": [
      {
        "request_id": "bench_patrol_1_0_54756184-d982-43f0-a7e0-3191fdb9388e",
        "places": [
          "charger_1",
          "bottleneck_1"
        ],
        "submit_wall_time": 1787534273.614181,
        "response": {
          "state": {
            "booking": {
              "id": "patrol.dispatch-73c46b7d70",
              "requester": "benchmark_task_planning",
              "unix_millis_earliest_start_time": 1787534273614,
              "unix_millis_request_time": 1787534273614
            },
            "category": "patrol",
            "detail": {
              "places": [
                "charger_1",
                "bottleneck_1"
              ],
              "rounds": 1
            },
            "dispatch": {
              "errors": [],
              "status": "queued"
            },
            "status": "queued",
            "unix_millis_start_time": 1787534273614
          },
          "success": true
        },
        "task_id": "patrol.dispatch-73c46b7d70"
      },
      {
        "request_id": "bench_patrol_1_1_3b633d33-211f-42d4-b0e7-c0f6af5338f7",
        "places": [
          "crossing_1",
          "loop_4"
        ],
        "submit_wall_time": 1787534273.6146166,
        "response": {
          "state": {
            "booking": {
              "id": "patrol.dispatch-a4347def31",
              "requester": "benchmark_task_planning",
              "unix_millis_earliest_start_time": 1787534273615,
              "unix_millis_request_time": 1787534273615
            },
            "category": "patrol",
            "detail": {
              "places": [
                "crossing_1",
                "loop_4"
              ],
              "rounds": 1
            },
            "dispatch": {
              "errors": [],
              "status": "queued"
            },
            "status": "queued",
            "unix_millis_start_time": 1787534273615
          },
          "success": true
        },
        "task_id": "patrol.dispatch-a4347def31"
      },
      {
        "request_id": "bench_patrol_1_2_8b0e682a-b24c-4538-b995-07c2c5eca447",
        "places": [
          "crossing_2",
          "bottleneck_3"
        ],
        "submit_wall_time": 1787534273.614789,
        "response": {
          "state": {
            "booking": {
              "id": "patrol.dispatch-4c872518ad",
              "requester": "benchmark_task_planning",
              "unix_millis_earliest_start_time": 1787534273615,
              "unix_millis_request_time": 1787534273615
            },
            "category": "patrol",
            "detail": {
              "places": [
                "crossing_2",
                "bottleneck_3"
              ],
              "rounds": 1
            },
            "dispatch": {
              "errors": [],
              "status": "queued"
            },
            "status": "queued",
            "unix_millis_start_time": 1787534273615
          },
          "success": true
        },
        "task_id": "patrol.dispatch-4c872518ad"
      }
    ],
    "completion_wall_time": 1787534573.782582,
    "dispatch_status": {
      "patrol.dispatch-73c46b7d70": 3,
      "patrol.dispatch-a4347def31": 3,
      "patrol.dispatch-4c872518ad": 3
    },
    "total_distance_m": {
      "tb3_robot1": 22.349,
      "tb3_robot2": 15.684,
      "tb3_robot3": 22.535
    },
    "outcome": {
      "tb3_robot1": "completed",
      "tb3_robot2": "completed",
      "tb3_robot3": "completed"
    }
  }
]
=== Repeat 1/1: submitting 3 concurrent patrol tasks ===
  route ['charger_1', 'bottleneck_1']: task_id=patrol.dispatch-0c2454128e
  route ['crossing_1', 'loop_4']: task_id=patrol.dispatch-720458fe12
  route ['crossing_2', 'bottleneck_3']: task_id=patrol.dispatch-0ef4828956
Repeat 1: outcome={'tb3_robot1': 'completed', 'tb3_robot2': 'completed', 'tb3_robot3': 'short_distance'} total_distance_m={'tb3_robot1': 24.862, 'tb3_robot2': 20.921, 'tb3_robot3': 0.0}
=== DONE ===
[
  {
    "repeat": 1,
    "tasks": [
      {
        "request_id": "bench_patrol_1_0_aba08fa6-0745-4149-9939-35ce3cd37c4d",
        "places": [
          "charger_1",
          "bottleneck_1"
        ],
        "submit_wall_time": 1787534603.5469646,
        "response": {
          "state": {
            "booking": {
              "id": "patrol.dispatch-0c2454128e",
              "requester": "benchmark_task_planning",
              "unix_millis_earliest_start_time": 1787534603547,
              "unix_millis_request_time": 1787534603547
            },
            "category": "patrol",
            "detail": {
              "places": [
                "charger_1",
                "bottleneck_1"
              ],
              "rounds": 1
            },
            "dispatch": {
              "errors": [],
              "status": "queued"
            },
            "status": "queued",
            "unix_millis_start_time": 1787534603547
          },
          "success": true
        },
        "task_id": "patrol.dispatch-0c2454128e"
      },
      {
        "request_id": "bench_patrol_1_1_a335572d-2b1f-430d-a834-d1ee64928e82",
        "places": [
          "crossing_1",
          "loop_4"
        ],
        "submit_wall_time": 1787534603.5471556,
        "response": {
          "state": {
            "booking": {
              "id": "patrol.dispatch-720458fe12",
              "requester": "benchmark_task_planning",
              "unix_millis_earliest_start_time": 1787534603547,
              "unix_millis_request_time": 1787534603547
            },
            "category": "patrol",
            "detail": {
              "places": [
                "crossing_1",
                "loop_4"
              ],
              "rounds": 1
            },
            "dispatch": {
              "errors": [],
              "status": "queued"
            },
            "status": "queued",
            "unix_millis_start_time": 1787534603547
          },
          "success": true
        },
        "task_id": "patrol.dispatch-720458fe12"
      },
      {
        "request_id": "bench_patrol_1_2_f11677fd-833a-4a0f-aa08-90fb76f48be7",
        "places": [
          "crossing_2",
          "bottleneck_3"
        ],
        "submit_wall_time": 1787534603.547234,
        "response": {
          "state": {
            "booking": {
              "id": "patrol.dispatch-0ef4828956",
              "requester": "benchmark_task_planning",
              "unix_millis_earliest_start_time": 1787534603547,
              "unix_millis_request_time": 1787534603547
            },
            "category": "patrol",
            "detail": {
              "places": [
                "crossing_2",
                "bottleneck_3"
              ],
              "rounds": 1
            },
            "dispatch": {
              "errors": [],
              "status": "queued"
            },
            "status": "queued",
            "unix_millis_start_time": 1787534603547
          },
          "success": true
        },
        "task_id": "patrol.dispatch-0ef4828956"
      }
    ],
    "completion_wall_time": 1787534903.7439513,
    "dispatch_status": {
      "patrol.dispatch-0c2454128e": 3,
      "patrol.dispatch-720458fe12": 3,
      "patrol.dispatch-0ef4828956": 3
    },
    "total_distance_m": {
      "tb3_robot1": 24.862,
      "tb3_robot2": 20.921,
      "tb3_robot3": 0.0
    },
    "outcome": {
      "tb3_robot1": "completed",
      "tb3_robot2": "completed",
      "tb3_robot3": "short_distance"
    }
  }
]
=== Repeat 1/1: submitting 3 concurrent patrol tasks ===
  route ['charger_1', 'bottleneck_1']: task_id=patrol.dispatch-78509de7d3
  route ['crossing_1', 'loop_4']: task_id=patrol.dispatch-f87761dfc7
  route ['crossing_2', 'bottleneck_3']: task_id=patrol.dispatch-e79529b949
Repeat 1: outcome={'tb3_robot1': 'completed', 'tb3_robot2': 'completed', 'tb3_robot3': 'short_distance'} total_distance_m={'tb3_robot1': 26.757, 'tb3_robot2': 17.213, 'tb3_robot3': 0.0}
=== DONE ===
[
  {
    "repeat": 1,
    "tasks": [
      {
        "request_id": "bench_patrol_1_0_a1aa84ea-a20b-4a95-9c35-f1356447003b",
        "places": [
          "charger_1",
          "bottleneck_1"
        ],
        "submit_wall_time": 1787534933.5518513,
        "response": {
          "state": {
            "booking": {
              "id": "patrol.dispatch-78509de7d3",
              "requester": "benchmark_task_planning",
              "unix_millis_earliest_start_time": 1787534933552,
              "unix_millis_request_time": 1787534933552
            },
            "category": "patrol",
            "detail": {
              "places": [
                "charger_1",
                "bottleneck_1"
              ],
              "rounds": 1
            },
            "dispatch": {
              "errors": [],
              "status": "queued"
            },
            "status": "queued",
            "unix_millis_start_time": 1787534933552
          },
          "success": true
        },
        "task_id": "patrol.dispatch-78509de7d3"
      },
      {
        "request_id": "bench_patrol_1_1_6c8926bd-5e82-48b3-b080-457a0b120b2e",
        "places": [
          "crossing_1",
          "loop_4"
        ],
        "submit_wall_time": 1787534933.5520144,
        "response": {
          "state": {
            "booking": {
              "id": "patrol.dispatch-f87761dfc7",
              "requester": "benchmark_task_planning",
              "unix_millis_earliest_start_time": 1787534933552,
              "unix_millis_request_time": 1787534933552
            },
            "category": "patrol",
            "detail": {
              "places": [
                "crossing_1",
                "loop_4"
              ],
              "rounds": 1
            },
            "dispatch": {
              "errors": [],
              "status": "queued"
            },
            "status": "queued",
            "unix_millis_start_time": 1787534933552
          },
          "success": true
        },
        "task_id": "patrol.dispatch-f87761dfc7"
      },
      {
        "request_id": "bench_patrol_1_2_f2ec3869-1bbf-4b1c-957d-dce1a7895f4d",
        "places": [
          "crossing_2",
          "bottleneck_3"
        ],
        "submit_wall_time": 1787534933.5520673,
        "response": {
          "state": {
            "booking": {
              "id": "patrol.dispatch-e79529b949",
              "requester": "benchmark_task_planning",
              "unix_millis_earliest_start_time": 1787534933552,
              "unix_millis_request_time": 1787534933552
            },
            "category": "patrol",
            "detail": {
              "places": [
                "crossing_2",
                "bottleneck_3"
              ],
              "rounds": 1
            },
            "dispatch": {
              "errors": [],
              "status": "queued"
            },
            "status": "queued",
            "unix_millis_start_time": 1787534933552
          },
          "success": true
        },
        "task_id": "patrol.dispatch-e79529b949"
      }
    ],
    "completion_wall_time": 1787535233.6438322,
    "dispatch_status": {
      "patrol.dispatch-78509de7d3": 3,
      "patrol.dispatch-f87761dfc7": 3,
      "patrol.dispatch-e79529b949": 3
    },
    "total_distance_m": {
      "tb3_robot1": 26.757,
      "tb3_robot2": 17.213,
      "tb3_robot3": 0.0
    },
    "outcome": {
      "tb3_robot1": "completed",
      "tb3_robot2": "completed",
      "tb3_robot3": "short_distance"
    }
  }
]
=== Repeat 1/1: submitting 3 concurrent patrol tasks ===
  route ['charger_1', 'bottleneck_1']: task_id=patrol.dispatch-53c7a2205d
  route ['crossing_1', 'loop_4']: task_id=patrol.dispatch-e302de0a1a
  route ['crossing_2', 'bottleneck_3']: task_id=patrol.dispatch-61e03c1fa5
Repeat 1: outcome={'tb3_robot1': 'completed', 'tb3_robot2': 'completed', 'tb3_robot3': 'short_distance'} total_distance_m={'tb3_robot1': 35.419, 'tb3_robot2': 43.279, 'tb3_robot3': 0.0}
=== DONE ===
[
  {
    "repeat": 1,
    "tasks": [
      {
        "request_id": "bench_patrol_1_0_58846dba-37d1-4360-8581-8fe8058be536",
        "places": [
          "charger_1",
          "bottleneck_1"
        ],
        "submit_wall_time": 1787535263.4180815,
        "response": {
          "state": {
            "booking": {
              "id": "patrol.dispatch-53c7a2205d",
              "requester": "benchmark_task_planning",
              "unix_millis_earliest_start_time": 1787535263418,
              "unix_millis_request_time": 1787535263418
            },
            "category": "patrol",
            "detail": {
              "places": [
                "charger_1",
                "bottleneck_1"
              ],
              "rounds": 1
            },
            "dispatch": {
              "errors": [],
              "status": "queued"
            },
            "status": "queued",
            "unix_millis_start_time": 1787535263418
          },
          "success": true
        },
        "task_id": "patrol.dispatch-53c7a2205d"
      },
      {
        "request_id": "bench_patrol_1_1_7cc07a3d-d498-45d8-8473-0147e4958cd6",
        "places": [
          "crossing_1",
          "loop_4"
        ],
        "submit_wall_time": 1787535263.4182456,
        "response": {
          "state": {
            "booking": {
              "id": "patrol.dispatch-e302de0a1a",
              "requester": "benchmark_task_planning",
              "unix_millis_earliest_start_time": 1787535263418,
              "unix_millis_request_time": 1787535263418
            },
            "category": "patrol",
            "detail": {
              "places": [
                "crossing_1",
                "loop_4"
              ],
              "rounds": 1
            },
            "dispatch": {
              "errors": [],
              "status": "queued"
            },
            "status": "queued",
            "unix_millis_start_time": 1787535263418
          },
          "success": true
        },
        "task_id": "patrol.dispatch-e302de0a1a"
      },
      {
        "request_id": "bench_patrol_1_2_358571a2-54c4-410a-a5b7-6b1de3d1caca",
        "places": [
          "crossing_2",
          "bottleneck_3"
        ],
        "submit_wall_time": 1787535263.4183075,
        "response": {
          "state": {
            "booking": {
              "id": "patrol.dispatch-61e03c1fa5",
              "requester": "benchmark_task_planning",
              "unix_millis_earliest_start_time": 1787535263418,
              "unix_millis_request_time": 1787535263418
            },
            "category": "patrol",
            "detail": {
              "places": [
                "crossing_2",
                "bottleneck_3"
              ],
              "rounds": 1
            },
            "dispatch": {
              "errors": [],
              "status": "queued"
            },
            "status": "queued",
            "unix_millis_start_time": 1787535263418
          },
          "success": true
        },
        "task_id": "patrol.dispatch-61e03c1fa5"
      }
    ],
    "completion_wall_time": 1787535564.3916173,
    "dispatch_status": {
      "patrol.dispatch-53c7a2205d": 3,
      "patrol.dispatch-e302de0a1a": 3,
      "patrol.dispatch-61e03c1fa5": 3
    },
    "total_distance_m": {
      "tb3_robot1": 35.419,
      "tb3_robot2": 43.279,
      "tb3_robot3": 0.0
    },
    "outcome": {
      "tb3_robot1": "completed",
      "tb3_robot2": "completed",
      "tb3_robot3": "short_distance"
    }
  }
]
=== DONE === RUN_DIR=/home/eiu/rmf_ws/benchmark/task_planning/crossing_FLEET02_TRAF01_CONFIG01/run_20260824_0108_N3_isolated
