[WARN] [ros2bag]: Positional "topics" argument deprecated. Please use optional "--topics" argument instead.
stdin is not a terminal device. Keyboard handling disabled.[INFO] [1787533859.518899436] [rosbag2_recorder]: Press SPACE for pausing/resuming
[INFO] [1787533859.519104998] [rosbag2_recorder]: Event publisher thread: Started
[INFO] [1787533859.523674557] [rosbag2_recorder]: Starting recording to '/home/eiu/rmf_ws/benchmark/task_planning/crossing_FLEET02_TRAF01_CONFIG01/run_20260824_0108_N3_isolated/bag'
[INFO] [1787533859.529096606] [rosbag2_recorder]: Listening for topics...
[INFO] [1787533859.529161851] [rosbag2_recorder]: Recording...
[INFO] [1787533859.529195775] [rosbag2_recorder]: Topics discovery started.
[INFO] [1787533859.578579263] [rosbag2_recorder]: Subscribed to topic '/rmf_task/bid_notice'
[INFO] [1787533859.582132256] [rosbag2_recorder]: Subscribed to topic '/rmf_task/dispatch_request'
[INFO] [1787533859.648086441] [rosbag2_recorder]: Subscribed to topic '/rmf_traffic/negotiation_conclusion'
[INFO] [1787533859.650608331] [rosbag2_recorder]: Subscribed to topic '/rmf_traffic/negotiation_notice'
[INFO] [1787533859.770843671] [rosbag2_recorder]: Subscribed to topic '/rmf_traffic/negotiation_rejection'
[INFO] [1787533859.773273850] [rosbag2_recorder]: Subscribed to topic '/rmf_traffic/negotiation_forfeit'
[INFO] [1787533859.776499941] [rosbag2_recorder]: Subscribed to topic '/rmf_traffic/negotiation_proposal'
[INFO] [1787533859.786764169] [rosbag2_recorder]: Subscribed to topic '/rmf_traffic/blockade_set'
[INFO] [1787533859.790741562] [rosbag2_recorder]: Subscribed to topic '/rmf_traffic/blockade_reached'
[INFO] [1787533859.795208340] [rosbag2_recorder]: Subscribed to topic '/rmf_task/dispatch_ack'
[INFO] [1787533859.797873847] [rosbag2_recorder]: Subscribed to topic '/rmf_task/bid_response'
[INFO] [1787533859.802800756] [rosbag2_recorder]: Subscribed to topic '/rmf_traffic/blockade_release'
[INFO] [1787533859.805742792] [rosbag2_recorder]: Subscribed to topic '/rmf_traffic/blockade_ready'
[INFO] [1787533859.816650894] [rosbag2_recorder]: Subscribed to topic '/fleet_states'
[INFO] [1787533862.716078440] [rosbag2_recorder]: Subscribed to topic '/task_api_requests'
[INFO] [1787533862.716220299] [rosbag2_recorder]: All requested topics are subscribed. Stopping discovery...
[INFO] [1787533862.716233608] [rosbag2_recorder]: Topics discovery stopped.
