[WARN] [ros2bag]: Positional "topics" argument deprecated. Please use optional "--topics" argument instead.
stdin is not a terminal device. Keyboard handling disabled.[INFO] [1788670682.743501636] [rosbag2_recorder]: Press SPACE for pausing/resuming
[INFO] [1788670682.743910888] [rosbag2_recorder]: Event publisher thread: Started
[INFO] [1788670682.746784202] [rosbag2_recorder]: Starting recording to 'bag'
[INFO] [1788670682.749122260] [rosbag2_recorder]: Listening for topics...
[INFO] [1788670682.749173040] [rosbag2_recorder]: Recording...
[INFO] [1788670682.750453123] [rosbag2_recorder]: Topics discovery started.
[INFO] [1788670682.755379115] [rosbag2_recorder]: Subscribed to topic '/rmf_task/bid_notice'
[INFO] [1788670682.758034778] [rosbag2_recorder]: Subscribed to topic '/rmf_task/dispatch_request'
[INFO] [1788670682.778141833] [rosbag2_recorder]: Subscribed to topic '/fleet_states'
[INFO] [1788670682.780366916] [rosbag2_recorder]: Subscribed to topic '/rmf_task/bid_response'
[INFO] [1788670682.781837634] [rosbag2_recorder]: Subscribed to topic '/rmf_task/dispatch_ack'
[ERROR] [1788670682.782908797] [ROSBAG2_TRANSPORT]: Topic '/cmd_vel' has more than one type associated. Only topics with one type are supported
[ERROR] [1788670682.783344214] [ROSBAG2_TRANSPORT]: Topic '/map' has more than one type associated. Only topics with one type are supported
[ERROR] [1788670682.785107704] [ROSBAG2_TRANSPORT]: Topic '/cmd_vel' has more than one type associated. Only topics with one type are supported
[ERROR] [1788670682.785386042] [ROSBAG2_TRANSPORT]: Topic '/map' has more than one type associated. Only topics with one type are supported
[ERROR] [1788670682.786425288] [ROSBAG2_TRANSPORT]: Topic '/cmd_vel' has more than one type associated. Only topics with one type are supported
[ERROR] [1788670682.786571535] [ROSBAG2_TRANSPORT]: Topic '/map' has more than one type associated. Only topics with one type are supported
[ERROR] [1788670682.787753884] [ROSBAG2_TRANSPORT]: Topic '/cmd_vel' has more than one type associated. Only topics with one type are supported
[ERROR] [1788670682.787933681] [ROSBAG2_TRANSPORT]: Topic '/map' has more than one type associated. Only topics with one type are supported
[ERROR] [1788670682.789141688] [ROSBAG2_TRANSPORT]: Topic '/cmd_vel' has more than one type associated. Only topics with one type are supported
[ERROR] [1788670682.789322135] [ROSBAG2_TRANSPORT]: Topic '/map' has more than one type associated. Only topics with one type are supported
[ERROR] [1788670682.790317923] [ROSBAG2_TRANSPORT]: Topic '/cmd_vel' has more than one type associated. Only topics with one type are supported
[ERROR] [1788670682.790463457] [ROSBAG2_TRANSPORT]: Topic '/map' has more than one type associated. Only topics with one type are supported
[ERROR] [1788670682.791622635] [ROSBAG2_TRANSPORT]: Topic '/cmd_vel' has more than one type associated. Only topics with one type are supported
[ERROR] [1788670682.791788393] [ROSBAG2_TRANSPORT]: Topic '/map' has more than one type associated. Only topics with one type are supported
[ERROR] [1788670682.843958558] [ROSBAG2_TRANSPORT]: Topic '/cmd_vel' has more than one type associated. Only topics with one type are supported
[ERROR] [1788670682.844304289] [ROSBAG2_TRANSPORT]: Topic '/map' has more than one type associated. Only topics with one type are supported
[ERROR] [1788670682.845382855] [ROSBAG2_TRANSPORT]: Topic '/cmd_vel' has more than one type associated. Only topics with one type are supported
[ERROR] [1788670682.845529417] [ROSBAG2_TRANSPORT]: Topic '/map' has more than one type associated. Only topics with one type are supported
[ERROR] [1788670682.854116275] [ROSBAG2_TRANSPORT]: Topic '/cmd_vel' has more than one type associated. Only topics with one type are supported
[ERROR] [1788670682.854386827] [ROSBAG2_TRANSPORT]: Topic '/map' has more than one type associated. Only topics with one type are supported
[ERROR] [1788670682.857385263] [ROSBAG2_TRANSPORT]: Topic '/cmd_vel' has more than one type associated. Only topics with one type are supported
[ERROR] [1788670682.857543160] [ROSBAG2_TRANSPORT]: Topic '/map' has more than one type associated. Only topics with one type are supported
[ERROR] [1788670682.858424223] [ROSBAG2_TRANSPORT]: Topic '/cmd_vel' has more than one type associated. Only topics with one type are supported
[ERROR] [1788670682.858551378] [ROSBAG2_TRANSPORT]: Topic '/map' has more than one type associated. Only topics with one type are supported
[ERROR] [1788670682.863074641] [ROSBAG2_TRANSPORT]: Topic '/cmd_vel' has more than one type associated. Only topics with one type are supported
[ERROR] [1788670682.863394044] [ROSBAG2_TRANSPORT]: Topic '/map' has more than one type associated. Only topics with one type are supported
[ERROR] [1788670685.659980899] [ROSBAG2_TRANSPORT]: Topic '/cmd_vel' has more than one type associated. Only topics with one type are supported
[ERROR] [1788670685.660524353] [ROSBAG2_TRANSPORT]: Topic '/map' has more than one type associated. Only topics with one type are supported
[ERROR] [1788670685.665529020] [ROSBAG2_TRANSPORT]: Topic '/cmd_vel' has more than one type associated. Only topics with one type are supported
[ERROR] [1788670685.666104995] [ROSBAG2_TRANSPORT]: Topic '/map' has more than one type associated. Only topics with one type are supported
[ERROR] [1788670685.687708633] [ROSBAG2_TRANSPORT]: Topic '/cmd_vel' has more than one type associated. Only topics with one type are supported
[ERROR] [1788670685.688125784] [ROSBAG2_TRANSPORT]: Topic '/map' has more than one type associated. Only topics with one type are supported
[ERROR] [1788670685.689899305] [ROSBAG2_TRANSPORT]: Topic '/cmd_vel' has more than one type associated. Only topics with one type are supported
[ERROR] [1788670685.690178920] [ROSBAG2_TRANSPORT]: Topic '/map' has more than one type associated. Only topics with one type are supported
[ERROR] [1788670685.693776713] [ROSBAG2_TRANSPORT]: Topic '/cmd_vel' has more than one type associated. Only topics with one type are supported
[ERROR] [1788670685.694598247] [ROSBAG2_TRANSPORT]: Topic '/map' has more than one type associated. Only topics with one type are supported
[ERROR] [1788670685.696527885] [ROSBAG2_TRANSPORT]: Topic '/cmd_vel' has more than one type associated. Only topics with one type are supported
[ERROR] [1788670685.696880938] [ROSBAG2_TRANSPORT]: Topic '/map' has more than one type associated. Only topics with one type are supported
[ERROR] [1788670685.698700571] [ROSBAG2_TRANSPORT]: Topic '/cmd_vel' has more than one type associated. Only topics with one type are supported
[ERROR] [1788670685.698897937] [ROSBAG2_TRANSPORT]: Topic '/map' has more than one type associated. Only topics with one type are supported
[ERROR] [1788670685.699921031] [ROSBAG2_TRANSPORT]: Topic '/cmd_vel' has more than one type associated. Only topics with one type are supported
[ERROR] [1788670685.700067705] [ROSBAG2_TRANSPORT]: Topic '/map' has more than one type associated. Only topics with one type are supported
[ERROR] [1788670685.711770281] [ROSBAG2_TRANSPORT]: Topic '/cmd_vel' has more than one type associated. Only topics with one type are supported
[ERROR] [1788670685.712282828] [ROSBAG2_TRANSPORT]: Topic '/map' has more than one type associated. Only topics with one type are supported
[INFO] [1788670685.714834856] [rosbag2_recorder]: Subscribed to topic '/task_api_requests'
[INFO] [1788670685.714881236] [rosbag2_recorder]: All requested topics are subscribed. Stopping discovery...
[INFO] [1788670685.714888981] [rosbag2_recorder]: Topics discovery stopped.
[INFO] [1788671701.088926978] [rosbag2_recorder]: Pausing recording.
[INFO] [1788671701.088977539] [rosbag2_cpp]: Writing remaining messages from cache to the bag. It may take a while
[INFO] [1788671701.091439361] [rosbag2_recorder]: Recording stopped
[INFO] [1788671701.099279301] [rosbag2_recorder]: Event publisher thread: Exited
