[WARN] [ros2bag]: Positional "topics" argument deprecated. Please use optional "--topics" argument instead.
stdin is not a terminal device. Keyboard handling disabled.[INFO] [1787390534.500375313] [rosbag2_recorder]: Press SPACE for pausing/resuming
[INFO] [1787390534.506747626] [rosbag2_recorder]: Event publisher thread: Started
[INFO] [1787390534.519779527] [rosbag2_recorder]: Starting recording to '/home/eiu/rmf_ws/benchmark/task_planning/headon_FLEET0N_TRAF04_CONFIG01/run_20260822_0920_N3/bag'
[INFO] [1787390534.535167830] [rosbag2_recorder]: Listening for topics...
[INFO] [1787390534.535628385] [rosbag2_recorder]: Recording...
[INFO] [1787390534.535234406] [rosbag2_recorder]: Topics discovery started.
[INFO] [1787390534.562763801] [rosbag2_recorder]: Subscribed to topic '/rmf_task/bid_notice'
[INFO] [1787390534.564961721] [rosbag2_recorder]: Subscribed to topic '/rmf_task/dispatch_request'
[INFO] [1787390534.602396471] [rosbag2_recorder]: Subscribed to topic '/fleet_states'
[INFO] [1787390534.603422672] [rosbag2_recorder]: Subscribed to topic '/rmf_task/bid_response'
[INFO] [1787390534.604342416] [rosbag2_recorder]: Subscribed to topic '/rmf_task/dispatch_ack'
[INFO] [1787390534.610936731] [rosbag2_recorder]: Subscribed to topic '/rmf_traffic/blockade_ready'
[INFO] [1787390534.612219010] [rosbag2_recorder]: Subscribed to topic '/rmf_traffic/negotiation_notice'
[INFO] [1787390534.614538389] [rosbag2_recorder]: Subscribed to topic '/rmf_traffic/negotiation_rejection'
[INFO] [1787390534.615484545] [rosbag2_recorder]: Subscribed to topic '/rmf_traffic/blockade_release'
[INFO] [1787390534.616698101] [rosbag2_recorder]: Subscribed to topic '/rmf_traffic/blockade_reached'
[INFO] [1787390534.618297200] [rosbag2_recorder]: Subscribed to topic '/rmf_traffic/negotiation_proposal'
[INFO] [1787390534.619729150] [rosbag2_recorder]: Subscribed to topic '/rmf_traffic/blockade_set'
[INFO] [1787390534.621188284] [rosbag2_recorder]: Subscribed to topic '/rmf_traffic/negotiation_forfeit'
[INFO] [1787390534.661274956] [rosbag2_recorder]: Subscribed to topic '/rmf_traffic/negotiation_conclusion'
[INFO] [1787390537.616179049] [rosbag2_recorder]: Subscribed to topic '/task_api_requests'
[INFO] [1787390537.616444746] [rosbag2_recorder]: All requested topics are subscribed. Stopping discovery...
[INFO] [1787390537.616468433] [rosbag2_recorder]: Topics discovery stopped.
