[WARN] [ros2bag]: Positional "topics" argument deprecated. Please use optional "--topics" argument instead.
stdin is not a terminal device. Keyboard handling disabled.[INFO] [1788672736.173402430] [rosbag2_recorder]: Press SPACE for pausing/resuming
[INFO] [1788672736.173406705] [rosbag2_recorder]: Event publisher thread: Started
[INFO] [1788672736.177539086] [rosbag2_recorder]: Starting recording to 'bag'
[INFO] [1788672736.182211211] [rosbag2_recorder]: Subscribed to topic '/rmf_task/dispatch_request'
[INFO] [1788672736.185054094] [rosbag2_recorder]: Subscribed to topic '/rmf_task/bid_notice'
[INFO] [1788672736.185422903] [rosbag2_recorder]: Listening for topics...
[INFO] [1788672736.185445293] [rosbag2_recorder]: Recording...
[INFO] [1788672736.187639951] [rosbag2_recorder]: Topics discovery started.
[ERROR] [1788672736.188578004] [ROSBAG2_TRANSPORT]: Topic '/map' has more than one type associated. Only topics with one type are supported
[INFO] [1788672736.192391763] [rosbag2_recorder]: Subscribed to topic '/fleet_states'
[INFO] [1788672736.194415266] [rosbag2_recorder]: Subscribed to topic '/rmf_task/bid_response'
[INFO] [1788672736.195756416] [rosbag2_recorder]: Subscribed to topic '/rmf_task/dispatch_ack'
[ERROR] [1788672736.197058151] [ROSBAG2_TRANSPORT]: Topic '/map' has more than one type associated. Only topics with one type are supported
[ERROR] [1788672736.198536429] [ROSBAG2_TRANSPORT]: Topic '/map' has more than one type associated. Only topics with one type are supported
[ERROR] [1788672736.200877689] [ROSBAG2_TRANSPORT]: Topic '/map' has more than one type associated. Only topics with one type are supported
[ERROR] [1788672736.202634419] [ROSBAG2_TRANSPORT]: Topic '/map' has more than one type associated. Only topics with one type are supported
[ERROR] [1788672736.204291798] [ROSBAG2_TRANSPORT]: Topic '/map' has more than one type associated. Only topics with one type are supported
[ERROR] [1788672736.205460559] [ROSBAG2_TRANSPORT]: Topic '/map' has more than one type associated. Only topics with one type are supported
[ERROR] [1788672736.206459887] [ROSBAG2_TRANSPORT]: Topic '/map' has more than one type associated. Only topics with one type are supported
[ERROR] [1788672736.207879375] [ROSBAG2_TRANSPORT]: Topic '/map' has more than one type associated. Only topics with one type are supported
[ERROR] [1788672736.208810265] [ROSBAG2_TRANSPORT]: Topic '/map' has more than one type associated. Only topics with one type are supported
[ERROR] [1788672736.288858176] [ROSBAG2_TRANSPORT]: Topic '/map' has more than one type associated. Only topics with one type are supported
[ERROR] [1788672736.290028506] [ROSBAG2_TRANSPORT]: Topic '/map' has more than one type associated. Only topics with one type are supported
[ERROR] [1788672736.290898629] [ROSBAG2_TRANSPORT]: Topic '/cmd_vel' has more than one type associated. Only topics with one type are supported
[ERROR] [1788672736.291043533] [ROSBAG2_TRANSPORT]: Topic '/map' has more than one type associated. Only topics with one type are supported
[ERROR] [1788672736.298775180] [ROSBAG2_TRANSPORT]: Topic '/cmd_vel' has more than one type associated. Only topics with one type are supported
[ERROR] [1788672736.298972476] [ROSBAG2_TRANSPORT]: Topic '/map' has more than one type associated. Only topics with one type are supported
[ERROR] [1788672736.300018067] [ROSBAG2_TRANSPORT]: Topic '/cmd_vel' has more than one type associated. Only topics with one type are supported
[ERROR] [1788672736.300179310] [ROSBAG2_TRANSPORT]: Topic '/map' has more than one type associated. Only topics with one type are supported
[ERROR] [1788672739.114382960] [ROSBAG2_TRANSPORT]: Topic '/cmd_vel' has more than one type associated. Only topics with one type are supported
[ERROR] [1788672739.114791464] [ROSBAG2_TRANSPORT]: Topic '/map' has more than one type associated. Only topics with one type are supported
[ERROR] [1788672739.121066560] [ROSBAG2_TRANSPORT]: Topic '/cmd_vel' has more than one type associated. Only topics with one type are supported
[ERROR] [1788672739.121623878] [ROSBAG2_TRANSPORT]: Topic '/map' has more than one type associated. Only topics with one type are supported
[ERROR] [1788672739.123416388] [ROSBAG2_TRANSPORT]: Topic '/cmd_vel' has more than one type associated. Only topics with one type are supported
[ERROR] [1788672739.123738721] [ROSBAG2_TRANSPORT]: Topic '/map' has more than one type associated. Only topics with one type are supported
[ERROR] [1788672739.130744804] [ROSBAG2_TRANSPORT]: Topic '/cmd_vel' has more than one type associated. Only topics with one type are supported
[ERROR] [1788672739.131191490] [ROSBAG2_TRANSPORT]: Topic '/map' has more than one type associated. Only topics with one type are supported
[ERROR] [1788672739.145506416] [ROSBAG2_TRANSPORT]: Topic '/cmd_vel' has more than one type associated. Only topics with one type are supported
[ERROR] [1788672739.145832247] [ROSBAG2_TRANSPORT]: Topic '/map' has more than one type associated. Only topics with one type are supported
[ERROR] [1788672739.147071616] [ROSBAG2_TRANSPORT]: Topic '/cmd_vel' has more than one type associated. Only topics with one type are supported
[ERROR] [1788672739.147240266] [ROSBAG2_TRANSPORT]: Topic '/map' has more than one type associated. Only topics with one type are supported
[ERROR] [1788672739.149353070] [ROSBAG2_TRANSPORT]: Topic '/cmd_vel' has more than one type associated. Only topics with one type are supported
[ERROR] [1788672739.149833225] [ROSBAG2_TRANSPORT]: Topic '/map' has more than one type associated. Only topics with one type are supported
[ERROR] [1788672739.152287813] [ROSBAG2_TRANSPORT]: Topic '/cmd_vel' has more than one type associated. Only topics with one type are supported
[ERROR] [1788672739.152743590] [ROSBAG2_TRANSPORT]: Topic '/map' has more than one type associated. Only topics with one type are supported
[ERROR] [1788672739.154578360] [ROSBAG2_TRANSPORT]: Topic '/cmd_vel' has more than one type associated. Only topics with one type are supported
[ERROR] [1788672739.154811699] [ROSBAG2_TRANSPORT]: Topic '/map' has more than one type associated. Only topics with one type are supported
[ERROR] [1788672739.155960029] [ROSBAG2_TRANSPORT]: Topic '/cmd_vel' has more than one type associated. Only topics with one type are supported
[ERROR] [1788672739.156127842] [ROSBAG2_TRANSPORT]: Topic '/map' has more than one type associated. Only topics with one type are supported
[ERROR] [1788672739.167021791] [ROSBAG2_TRANSPORT]: Topic '/cmd_vel' has more than one type associated. Only topics with one type are supported
[ERROR] [1788672739.167482815] [ROSBAG2_TRANSPORT]: Topic '/map' has more than one type associated. Only topics with one type are supported
[INFO] [1788672739.169279690] [rosbag2_recorder]: Subscribed to topic '/task_api_requests'
[INFO] [1788672739.169339869] [rosbag2_recorder]: All requested topics are subscribed. Stopping discovery...
[INFO] [1788672739.169348915] [rosbag2_recorder]: Topics discovery stopped.
[INFO] [1788673617.631593065] [rosbag2_recorder]: Pausing recording.
[INFO] [1788673617.631674158] [rosbag2_cpp]: Writing remaining messages from cache to the bag. It may take a while
[INFO] [1788673617.634412724] [rosbag2_recorder]: Recording stopped
[INFO] [1788673617.641009468] [rosbag2_recorder]: Event publisher thread: Exited
