[WARN] [ros2bag]: Positional "topics" argument deprecated. Please use optional "--topics" argument instead.
stdin is not a terminal device. Keyboard handling disabled.[INFO] [1788669632.045844814] [rosbag2_recorder]: Press SPACE for pausing/resuming
[INFO] [1788669632.046506277] [rosbag2_recorder]: Event publisher thread: Started
[INFO] [1788669632.049292085] [rosbag2_recorder]: Starting recording to 'bag'
[INFO] [1788669632.054188881] [rosbag2_recorder]: Subscribed to topic '/rmf_task/dispatch_request'
[INFO] [1788669632.054977631] [rosbag2_recorder]: Subscribed to topic '/rmf_task/bid_notice'
[INFO] [1788669632.055110717] [rosbag2_recorder]: Listening for topics...
[INFO] [1788669632.055129995] [rosbag2_recorder]: Recording...
[INFO] [1788669632.055179951] [rosbag2_recorder]: Topics discovery started.
[ERROR] [1788669632.069637721] [ROSBAG2_TRANSPORT]: Topic '/map' has more than one type associated. Only topics with one type are supported
[ERROR] [1788669632.070778931] [ROSBAG2_TRANSPORT]: Topic '/map' has more than one type associated. Only topics with one type are supported
[INFO] [1788669632.075202653] [rosbag2_recorder]: Subscribed to topic '/fleet_states'
[INFO] [1788669632.076611318] [rosbag2_recorder]: Subscribed to topic '/rmf_task/bid_response'
[INFO] [1788669632.077805226] [rosbag2_recorder]: Subscribed to topic '/rmf_task/dispatch_ack'
[ERROR] [1788669632.078560386] [ROSBAG2_TRANSPORT]: Topic '/cmd_vel' has more than one type associated. Only topics with one type are supported
[ERROR] [1788669632.078826022] [ROSBAG2_TRANSPORT]: Topic '/map' has more than one type associated. Only topics with one type are supported
[ERROR] [1788669632.079814938] [ROSBAG2_TRANSPORT]: Topic '/cmd_vel' has more than one type associated. Only topics with one type are supported
[ERROR] [1788669632.079945673] [ROSBAG2_TRANSPORT]: Topic '/map' has more than one type associated. Only topics with one type are supported
[ERROR] [1788669632.080857126] [ROSBAG2_TRANSPORT]: Topic '/cmd_vel' has more than one type associated. Only topics with one type are supported
[ERROR] [1788669632.081020033] [ROSBAG2_TRANSPORT]: Topic '/map' has more than one type associated. Only topics with one type are supported
[ERROR] [1788669632.081877677] [ROSBAG2_TRANSPORT]: Topic '/cmd_vel' has more than one type associated. Only topics with one type are supported
[ERROR] [1788669632.081993195] [ROSBAG2_TRANSPORT]: Topic '/map' has more than one type associated. Only topics with one type are supported
[ERROR] [1788669632.082901414] [ROSBAG2_TRANSPORT]: Topic '/cmd_vel' has more than one type associated. Only topics with one type are supported
[ERROR] [1788669632.083050070] [ROSBAG2_TRANSPORT]: Topic '/map' has more than one type associated. Only topics with one type are supported
[ERROR] [1788669632.086015268] [ROSBAG2_TRANSPORT]: Topic '/cmd_vel' has more than one type associated. Only topics with one type are supported
[ERROR] [1788669632.086159617] [ROSBAG2_TRANSPORT]: Topic '/map' has more than one type associated. Only topics with one type are supported
[ERROR] [1788669632.087317658] [ROSBAG2_TRANSPORT]: Topic '/cmd_vel' has more than one type associated. Only topics with one type are supported
[ERROR] [1788669632.087562817] [ROSBAG2_TRANSPORT]: Topic '/map' has more than one type associated. Only topics with one type are supported
[ERROR] [1788669632.148439250] [ROSBAG2_TRANSPORT]: Topic '/cmd_vel' has more than one type associated. Only topics with one type are supported
[ERROR] [1788669632.148786989] [ROSBAG2_TRANSPORT]: Topic '/map' has more than one type associated. Only topics with one type are supported
[ERROR] [1788669632.149917584] [ROSBAG2_TRANSPORT]: Topic '/cmd_vel' has more than one type associated. Only topics with one type are supported
[ERROR] [1788669632.150070468] [ROSBAG2_TRANSPORT]: Topic '/map' has more than one type associated. Only topics with one type are supported
[ERROR] [1788669632.154340392] [ROSBAG2_TRANSPORT]: Topic '/cmd_vel' has more than one type associated. Only topics with one type are supported
[ERROR] [1788669632.154537104] [ROSBAG2_TRANSPORT]: Topic '/map' has more than one type associated. Only topics with one type are supported
[ERROR] [1788669632.155480159] [ROSBAG2_TRANSPORT]: Topic '/cmd_vel' has more than one type associated. Only topics with one type are supported
[ERROR] [1788669632.155625132] [ROSBAG2_TRANSPORT]: Topic '/map' has more than one type associated. Only topics with one type are supported
[ERROR] [1788669632.162828505] [ROSBAG2_TRANSPORT]: Topic '/cmd_vel' has more than one type associated. Only topics with one type are supported
[ERROR] [1788669632.163099345] [ROSBAG2_TRANSPORT]: Topic '/map' has more than one type associated. Only topics with one type are supported
[ERROR] [1788669632.164145254] [ROSBAG2_TRANSPORT]: Topic '/cmd_vel' has more than one type associated. Only topics with one type are supported
[ERROR] [1788669632.164294552] [ROSBAG2_TRANSPORT]: Topic '/map' has more than one type associated. Only topics with one type are supported
[ERROR] [1788669634.962418673] [ROSBAG2_TRANSPORT]: Topic '/cmd_vel' has more than one type associated. Only topics with one type are supported
[ERROR] [1788669634.962861864] [ROSBAG2_TRANSPORT]: Topic '/map' has more than one type associated. Only topics with one type are supported
[ERROR] [1788669634.975481408] [ROSBAG2_TRANSPORT]: Topic '/cmd_vel' has more than one type associated. Only topics with one type are supported
[ERROR] [1788669634.975772196] [ROSBAG2_TRANSPORT]: Topic '/map' has more than one type associated. Only topics with one type are supported
[ERROR] [1788669634.984829349] [ROSBAG2_TRANSPORT]: Topic '/cmd_vel' has more than one type associated. Only topics with one type are supported
[ERROR] [1788669634.985141873] [ROSBAG2_TRANSPORT]: Topic '/map' has more than one type associated. Only topics with one type are supported
[ERROR] [1788669634.996194581] [ROSBAG2_TRANSPORT]: Topic '/cmd_vel' has more than one type associated. Only topics with one type are supported
[ERROR] [1788669634.996672944] [ROSBAG2_TRANSPORT]: Topic '/map' has more than one type associated. Only topics with one type are supported
[ERROR] [1788669634.998441322] [ROSBAG2_TRANSPORT]: Topic '/cmd_vel' has more than one type associated. Only topics with one type are supported
[ERROR] [1788669634.998891140] [ROSBAG2_TRANSPORT]: Topic '/map' has more than one type associated. Only topics with one type are supported
[ERROR] [1788669635.002381405] [ROSBAG2_TRANSPORT]: Topic '/cmd_vel' has more than one type associated. Only topics with one type are supported
[ERROR] [1788669635.002848354] [ROSBAG2_TRANSPORT]: Topic '/map' has more than one type associated. Only topics with one type are supported
[ERROR] [1788669635.004975395] [ROSBAG2_TRANSPORT]: Topic '/cmd_vel' has more than one type associated. Only topics with one type are supported
[ERROR] [1788669635.005301663] [ROSBAG2_TRANSPORT]: Topic '/map' has more than one type associated. Only topics with one type are supported
[ERROR] [1788669635.009006432] [ROSBAG2_TRANSPORT]: Topic '/cmd_vel' has more than one type associated. Only topics with one type are supported
[ERROR] [1788669635.009437735] [ROSBAG2_TRANSPORT]: Topic '/map' has more than one type associated. Only topics with one type are supported
[ERROR] [1788669635.011318295] [ROSBAG2_TRANSPORT]: Topic '/cmd_vel' has more than one type associated. Only topics with one type are supported
[ERROR] [1788669635.011580398] [ROSBAG2_TRANSPORT]: Topic '/map' has more than one type associated. Only topics with one type are supported
[ERROR] [1788669635.022756382] [ROSBAG2_TRANSPORT]: Topic '/cmd_vel' has more than one type associated. Only topics with one type are supported
[ERROR] [1788669635.023200271] [ROSBAG2_TRANSPORT]: Topic '/map' has more than one type associated. Only topics with one type are supported
[INFO] [1788669635.025602644] [rosbag2_recorder]: Subscribed to topic '/task_api_requests'
[INFO] [1788669635.025651491] [rosbag2_recorder]: All requested topics are subscribed. Stopping discovery...
[INFO] [1788669635.025659879] [rosbag2_recorder]: Topics discovery stopped.
[INFO] [1788670542.125930899] [rosbag2_recorder]: Pausing recording.
[INFO] [1788670542.126018569] [rosbag2_cpp]: Writing remaining messages from cache to the bag. It may take a while
[INFO] [1788670542.129468252] [rosbag2_recorder]: Recording stopped
[INFO] [1788670542.135808541] [rosbag2_recorder]: Event publisher thread: Exited
