=== Repeat 1/5: submitting patrol task ===
Repeat 1: task_id=patrol.dispatch-9be4a6aa48
Repeat 1: outcome=completed dispatch_status=3 total_distance_m=26.377
=== Repeat 2/5: submitting patrol task ===
Repeat 2: task_id=patrol.dispatch-ae76036531
Repeat 2: outcome=completed dispatch_status=3 total_distance_m=51.537
=== Repeat 3/5: submitting patrol task ===
Repeat 3: task_id=patrol.dispatch-b05d56e4f4
Repeat 3: outcome=completed dispatch_status=3 total_distance_m=48.458
=== Repeat 4/5: submitting patrol task ===
Repeat 4: task_id=patrol.dispatch-ee883118b8
Repeat 4: outcome=completed dispatch_status=3 total_distance_m=48.112
=== Repeat 5/5: submitting patrol task ===
Repeat 5: task_id=patrol.dispatch-0eda02ffaa
Repeat 5: outcome=completed dispatch_status=3 total_distance_m=46.698
=== DONE ===
[
  {
    "repeat": 1,
    "request_id": "bench_patrol_1_329ff2d9-61e3-48a8-aaf2-d08513aa2992",
    "submit_wall_time": 1788669635.0255156,
    "response": {
      "state": {
        "booking": {
          "id": "patrol.dispatch-9be4a6aa48",
          "requester": "benchmark_task_planning",
          "unix_millis_earliest_start_time": 0,
          "unix_millis_request_time": 1788669635025
        },
        "category": "patrol",
        "detail": {
          "places": [
            "crossing_2",
            "bottleneck_3"
          ],
          "rounds": 1
        },
        "dispatch": {
          "errors": [],
          "status": "queued"
        },
        "status": "queued",
        "unix_millis_start_time": 0
      },
      "success": true
    },
    "task_id": "patrol.dispatch-9be4a6aa48",
    "dispatch_status": 3,
    "completion_wall_time": 1788669753.060388,
    "outcome": "completed",
    "total_distance_m": 26.377,
    "task_released": true,
    "fixed_wait_exceeded": false
  },
  {
    "repeat": 2,
    "request_id": "bench_patrol_2_8d444c17-afa2-4f4b-9095-8af0372bf2cd",
    "submit_wall_time": 1788669758.0606422,
    "response": {
      "state": {
        "booking": {
          "id": "patrol.dispatch-ae76036531",
          "requester": "benchmark_task_planning",
          "unix_millis_earliest_start_time": 0,
          "unix_millis_request_time": 1788669758061
        },
        "category": "patrol",
        "detail": {
          "places": [
            "crossing_2",
            "bottleneck_3"
          ],
          "rounds": 1
        },
        "dispatch": {
          "errors": [],
          "status": "queued"
        },
        "status": "queued",
        "unix_millis_start_time": 0
      },
      "success": true
    },
    "task_id": "patrol.dispatch-ae76036531",
    "dispatch_status": 3,
    "completion_wall_time": 1788669954.9603653,
    "outcome": "completed",
    "total_distance_m": 51.537,
    "task_released": true,
    "fixed_wait_exceeded": false
  },
  {
    "repeat": 3,
    "request_id": "bench_patrol_3_53d73b87-07fa-4198-a4d0-0eea27db5101",
    "submit_wall_time": 1788669959.9606078,
    "response": {
      "state": {
        "booking": {
          "id": "patrol.dispatch-b05d56e4f4",
          "requester": "benchmark_task_planning",
          "unix_millis_earliest_start_time": 0,
          "unix_millis_request_time": 1788669959961
        },
        "category": "patrol",
        "detail": {
          "places": [
            "crossing_2",
            "bottleneck_3"
          ],
          "rounds": 1
        },
        "dispatch": {
          "errors": [],
          "status": "queued"
        },
        "status": "queued",
        "unix_millis_start_time": 0
      },
      "success": true
    },
    "task_id": "patrol.dispatch-b05d56e4f4",
    "dispatch_status": 3,
    "completion_wall_time": 1788670150.7603154,
    "outcome": "completed",
    "total_distance_m": 48.458,
    "task_released": true,
    "fixed_wait_exceeded": false
  },
  {
    "repeat": 4,
    "request_id": "bench_patrol_4_92c549dc-faa2-4d0a-a4ce-05423c81f9ed",
    "submit_wall_time": 1788670155.7605534,
    "response": {
      "state": {
        "booking": {
          "id": "patrol.dispatch-ee883118b8",
          "requester": "benchmark_task_planning",
          "unix_millis_earliest_start_time": 0,
          "unix_millis_request_time": 1788670155761
        },
        "category": "patrol",
        "detail": {
          "places": [
            "crossing_2",
            "bottleneck_3"
          ],
          "rounds": 1
        },
        "dispatch": {
          "errors": [],
          "status": "queued"
        },
        "status": "queued",
        "unix_millis_start_time": 0
      },
      "success": true
    },
    "task_id": "patrol.dispatch-ee883118b8",
    "dispatch_status": 3,
    "completion_wall_time": 1788670352.7603316,
    "outcome": "completed",
    "total_distance_m": 48.112,
    "task_released": true,
    "fixed_wait_exceeded": false
  },
  {
    "repeat": 5,
    "request_id": "bench_patrol_5_322e559d-b29b-4b74-9839-4b3470e50e2a",
    "submit_wall_time": 1788670357.7605631,
    "response": {
      "state": {
        "booking": {
          "id": "patrol.dispatch-0eda02ffaa",
          "requester": "benchmark_task_planning",
          "unix_millis_earliest_start_time": 0,
          "unix_millis_request_time": 1788670357761
        },
        "category": "patrol",
        "detail": {
          "places": [
            "crossing_2",
            "bottleneck_3"
          ],
          "rounds": 1
        },
        "dispatch": {
          "errors": [],
          "status": "queued"
        },
        "status": "queued",
        "unix_millis_start_time": 0
      },
      "success": true
    },
    "task_id": "patrol.dispatch-0eda02ffaa",
    "dispatch_status": 3,
    "completion_wall_time": 1788670536.8604276,
    "outcome": "completed",
    "total_distance_m": 46.698,
    "task_released": true,
    "fixed_wait_exceeded": false
  }
]
